../Drivers/CMSIS/Include/core_cm7.h:2464:22:SCB_InvalidateDCache_by_Addr	32	static,ignoring_inline_asm
../Drivers/CMSIS/Include/core_cm7.h:2491:22:SCB_CleanDCache_by_Addr	32	static,ignoring_inline_asm
../Drivers/CMSIS/Include/core_cm7.h:2606:26:ITM_SendChar	16	static,ignoring_inline_asm
../Core/Src/main.c:208:6:RTOS_RunTimeStats_Init	4	static
../Core/Src/main.c:215:10:RTOS_RunTimeStats_GetCounter	4	static
../Core/Src/main.c:231:13:BNO085_interpreter	128	static
../Core/Src/main.c:254:13:async_eventHandler	16	static
../Core/Src/main.c:265:6:BNO085_Start	32	static
../Core/Src/main.c:357:6:HAL_TIM_IC_CaptureCallback	16	static
../Core/Src/main.c:395:5:_write	32	static
../Core/Src/main.c:408:10:Read_ADC_Value	16	static
../Core/Src/main.c:424:7:Read_Battery_Voltage	16	static
../Core/Src/main.c:464:8:BMP_581_Init	16	static
../Core/Src/main.c:515:12:BMP_581_Read_Data	40	static
../Core/Src/main.c:527:7:get_dt	16	static
../Core/Src/main.c:543:9:LoRa_Parse_SUNNY_Ping	24	static
../Core/Src/main.c:571:6:LoRa_TX	172	static
../Core/Src/main.c:602:6:LoRa_RAW_Send	16	static
../Core/Src/main.c:613:19:LoRa_SendAT	144	static
../Core/Src/main.c:637:6:LoRa_Send_SUNNY_ACK	16	static
../Core/Src/main.c:643:19:LoRa_RX	32	static
../Core/Src/main.c:676:9:LoRa_RX_Parse	48	static
../Core/Src/main.c:706:6:LoRa_ProcessLine	24	static
../Core/Src/main.c:736:6:LoRa_TX_Scheduler	176	static
../Core/Src/main.c:890:6:LoRa_Init	8	static
../Core/Src/main.c:909:6:UpdateTaskStats	40	static
../Core/Src/main.c:971:5:main	8	static
../Core/Src/main.c:1135:6:SystemClock_Config	88	static
../Core/Src/main.c:1187:13:MX_NVIC_Init	8	static
../Core/Src/main.c:1211:13:MX_ADC1_Init	24	static
../Core/Src/main.c:1263:13:MX_I2C1_Init	8	static
../Core/Src/main.c:1311:13:MX_I2C2_Init	8	static
../Core/Src/main.c:1359:13:MX_TIM1_Init	112	static
../Core/Src/main.c:1439:13:MX_TIM2_Init	72	static
../Core/Src/main.c:1513:13:MX_TIM3_Init	72	static
../Core/Src/main.c:1587:13:MX_TIM4_Init	72	static
../Core/Src/main.c:1661:13:MX_TIM5_Init	72	static
../Core/Src/main.c:1735:13:MX_TIM8_Init	112	static
../Core/Src/main.c:1815:13:MX_TIM9_Init	56	static
../Core/Src/main.c:1867:13:MX_TIM12_Init	56	static
../Core/Src/main.c:1919:13:MX_UART8_Init	8	static
../Core/Src/main.c:1952:13:MX_DMA_Init	16	static
../Core/Src/main.c:1965:13:MX_GPIO_Init	56	static
../Core/Src/main.c:2006:9:HAL_GPIO_EXTI_Callback	16	static
../Core/Src/main.c:2014:6:HAL_UART_TxCpltCallback	16	static
../Core/Src/main.c:2018:6:LoRa_OnIdleLine	16	static
../Core/Src/main.c:2048:6:StartTelemTxTask	296	static
../Core/Src/main.c:2100:6:StartFlightTask	120	static
../Core/Src/main.c:2299:6:StartTelemRxTask	24	static
../Core/Src/main.c:2344:6:StartHousekeepingTask	64	static
../Core/Src/main.c:2437:6:MPU_Config	24	static
../Core/Src/main.c:2472:6:HAL_TIM_PeriodElapsedCallback	16	static
../Core/Src/main.c:2490:6:Error_Handler	4	static,ignoring_inline_asm
