../Core/Src/stm32f7xx_it.c:79:6:NMI_Handler	4	static
../Core/Src/stm32f7xx_it.c:94:6:HardFault_Handler	4	static
../Core/Src/stm32f7xx_it.c:109:6:MemManage_Handler	4	static
../Core/Src/stm32f7xx_it.c:124:6:BusFault_Handler	4	static
../Core/Src/stm32f7xx_it.c:139:6:UsageFault_Handler	4	static
../Core/Src/stm32f7xx_it.c:154:6:DebugMon_Handler	4	static
../Core/Src/stm32f7xx_it.c:174:6:EXTI0_IRQHandler	8	static
../Core/Src/stm32f7xx_it.c:188:6:DMA1_Stream0_IRQHandler	8	static
../Core/Src/stm32f7xx_it.c:202:6:DMA1_Stream6_IRQHandler	8	static
../Core/Src/stm32f7xx_it.c:216:6:TIM1_UP_TIM10_IRQHandler	8	static
../Core/Src/stm32f7xx_it.c:231:6:TIM2_IRQHandler	8	static
../Core/Src/stm32f7xx_it.c:245:6:TIM3_IRQHandler	8	static
../Core/Src/stm32f7xx_it.c:259:6:TIM4_IRQHandler	8	static
../Core/Src/stm32f7xx_it.c:273:6:I2C2_EV_IRQHandler	8	static
../Core/Src/stm32f7xx_it.c:287:6:TIM5_IRQHandler	8	static
../Core/Src/stm32f7xx_it.c:301:6:UART8_IRQHandler	8	static
