Archive member included to satisfy reference by file (symbol)

C:/ST/STM32CubeIDE_1.19.0/STM32CubeIDE/plugins/com.st.stm32cube.ide.mcu.externaltools.gnu-tools-for-stm32.13.3.rel1.win32_1.0.0.202411081344/tools/bin/../lib/gcc/arm-none-eabi/13.3.1/../../../../arm-none-eabi/lib/thumb/v7e-m+fp/hard\libc_nano.a(libc_a-atoi.o)
                              ./Core/Src/main.o (atoi)
C:/ST/STM32CubeIDE_1.19.0/STM32CubeIDE/plugins/com.st.stm32cube.ide.mcu.externaltools.gnu-tools-for-stm32.13.3.rel1.win32_1.0.0.202411081344/tools/bin/../lib/gcc/arm-none-eabi/13.3.1/../../../../arm-none-eabi/lib/thumb/v7e-m+fp/hard\libc_nano.a(libc_a-exit.o)
                              C:/ST/STM32CubeIDE_1.19.0/STM32CubeIDE/plugins/com.st.stm32cube.ide.mcu.externaltools.gnu-tools-for-stm32.13.3.rel1.win32_1.0.0.202411081344/tools/bin/../lib/gcc/arm-none-eabi/13.3.1/../../../../arm-none-eabi/lib/thumb/v7e-m+fp/hard/crt0.o (exit)
C:/ST/STM32CubeIDE_1.19.0/STM32CubeIDE/plugins/com.st.stm32cube.ide.mcu.externaltools.gnu-tools-for-stm32.13.3.rel1.win32_1.0.0.202411081344/tools/bin/../lib/gcc/arm-none-eabi/13.3.1/../../../../arm-none-eabi/lib/thumb/v7e-m+fp/hard\libc_nano.a(libc_a-strtol.o)
                              C:/ST/STM32CubeIDE_1.19.0/STM32CubeIDE/plugins/com.st.stm32cube.ide.mcu.externaltools.gnu-tools-for-stm32.13.3.rel1.win32_1.0.0.202411081344/tools/bin/../lib/gcc/arm-none-eabi/13.3.1/../../../../arm-none-eabi/lib/thumb/v7e-m+fp/hard\libc_nano.a(libc_a-atoi.o) (_strtol_r)
C:/ST/STM32CubeIDE_1.19.0/STM32CubeIDE/plugins/com.st.stm32cube.ide.mcu.externaltools.gnu-tools-for-stm32.13.3.rel1.win32_1.0.0.202411081344/tools/bin/../lib/gcc/arm-none-eabi/13.3.1/../../../../arm-none-eabi/lib/thumb/v7e-m+fp/hard\libc_nano.a(libc_a-ctype_.o)
                              C:/ST/STM32CubeIDE_1.19.0/STM32CubeIDE/plugins/com.st.stm32cube.ide.mcu.externaltools.gnu-tools-for-stm32.13.3.rel1.win32_1.0.0.202411081344/tools/bin/../lib/gcc/arm-none-eabi/13.3.1/../../../../arm-none-eabi/lib/thumb/v7e-m+fp/hard\libc_nano.a(libc_a-strtol.o) (_ctype_)
C:/ST/STM32CubeIDE_1.19.0/STM32CubeIDE/plugins/com.st.stm32cube.ide.mcu.externaltools.gnu-tools-for-stm32.13.3.rel1.win32_1.0.0.202411081344/tools/bin/../lib/gcc/arm-none-eabi/13.3.1/../../../../arm-none-eabi/lib/thumb/v7e-m+fp/hard\libc_nano.a(libc_a-nano-vfprintf_float.o)
                              (_printf_float)
C:/ST/STM32CubeIDE_1.19.0/STM32CubeIDE/plugins/com.st.stm32cube.ide.mcu.externaltools.gnu-tools-for-stm32.13.3.rel1.win32_1.0.0.202411081344/tools/bin/../lib/gcc/arm-none-eabi/13.3.1/../../../../arm-none-eabi/lib/thumb/v7e-m+fp/hard\libc_nano.a(libc_a-nano-vfprintf_i.o)
                              C:/ST/STM32CubeIDE_1.19.0/STM32CubeIDE/plugins/com.st.stm32cube.ide.mcu.externaltools.gnu-tools-for-stm32.13.3.rel1.win32_1.0.0.202411081344/tools/bin/../lib/gcc/arm-none-eabi/13.3.1/../../../../arm-none-eabi/lib/thumb/v7e-m+fp/hard\libc_nano.a(libc_a-nano-vfprintf_float.o) (_printf_common)
C:/ST/STM32CubeIDE_1.19.0/STM32CubeIDE/plugins/com.st.stm32cube.ide.mcu.externaltools.gnu-tools-for-stm32.13.3.rel1.win32_1.0.0.202411081344/tools/bin/../lib/gcc/arm-none-eabi/13.3.1/../../../../arm-none-eabi/lib/thumb/v7e-m+fp/hard\libc_nano.a(libc_a-findfp.o)
                              ./Middlewares/Third_Party/FreeRTOS/Source/tasks.o (__sf)
C:/ST/STM32CubeIDE_1.19.0/STM32CubeIDE/plugins/com.st.stm32cube.ide.mcu.externaltools.gnu-tools-for-stm32.13.3.rel1.win32_1.0.0.202411081344/tools/bin/../lib/gcc/arm-none-eabi/13.3.1/../../../../arm-none-eabi/lib/thumb/v7e-m+fp/hard\libc_nano.a(libc_a-fwalk.o)
                              C:/ST/STM32CubeIDE_1.19.0/STM32CubeIDE/plugins/com.st.stm32cube.ide.mcu.externaltools.gnu-tools-for-stm32.13.3.rel1.win32_1.0.0.202411081344/tools/bin/../lib/gcc/arm-none-eabi/13.3.1/../../../../arm-none-eabi/lib/thumb/v7e-m+fp/hard\libc_nano.a(libc_a-findfp.o) (_fwalk_sglue)
C:/ST/STM32CubeIDE_1.19.0/STM32CubeIDE/plugins/com.st.stm32cube.ide.mcu.externaltools.gnu-tools-for-stm32.13.3.rel1.win32_1.0.0.202411081344/tools/bin/../lib/gcc/arm-none-eabi/13.3.1/../../../../arm-none-eabi/lib/thumb/v7e-m+fp/hard\libc_nano.a(libc_a-snprintf.o)
                              ./Core/Src/main.o (snprintf)
C:/ST/STM32CubeIDE_1.19.0/STM32CubeIDE/plugins/com.st.stm32cube.ide.mcu.externaltools.gnu-tools-for-stm32.13.3.rel1.win32_1.0.0.202411081344/tools/bin/../lib/gcc/arm-none-eabi/13.3.1/../../../../arm-none-eabi/lib/thumb/v7e-m+fp/hard\libc_nano.a(libc_a-sprintf.o)
                              ./Middlewares/Third_Party/FreeRTOS/Source/tasks.o (sprintf)
C:/ST/STM32CubeIDE_1.19.0/STM32CubeIDE/plugins/com.st.stm32cube.ide.mcu.externaltools.gnu-tools-for-stm32.13.3.rel1.win32_1.0.0.202411081344/tools/bin/../lib/gcc/arm-none-eabi/13.3.1/../../../../arm-none-eabi/lib/thumb/v7e-m+fp/hard\libc_nano.a(libc_a-stdio.o)
[...]
Memory Configuration

Name             Origin             Length             Attributes
RAM              0x20000000         0x00050000         xrw
FLASH            0x08000000         0x00100000         xr
*default*        0x00000000         0xffffffff

Linker script and memory map

LOAD C:/ST/STM32CubeIDE_1.19.0/STM32CubeIDE/plugins/com.st.stm32cube.ide.mcu.externaltools.gnu-tools-for-stm32.13.3.rel1.win32_1.0.0.202411081344/tools/bin/../lib/gcc/arm-none-eabi/13.3.1/thumb/v7e-m+fp/hard/crti.o
LOAD C:/ST/STM32CubeIDE_1.19.0/STM32CubeIDE/plugins/com.st.stm32cube.ide.mcu.externaltools.gnu-tools-for-stm32.13.3.rel1.win32_1.0.0.202411081344/tools/bin/../lib/gcc/arm-none-eabi/13.3.1/thumb/v7e-m+fp/hard/crtbegin.o
LOAD C:/ST/STM32CubeIDE_1.19.0/STM32CubeIDE/plugins/com.st.stm32cube.ide.mcu.externaltools.gnu-tools-for-stm32.13.3.rel1.win32_1.0.0.202411081344/tools/bin/../lib/gcc/arm-none-eabi/13.3.1/../../../../arm-none-eabi/lib/thumb/v7e-m+fp/hard/crt0.o
LOAD ./Core/Src/bmp5_hal_stm32.o
LOAD ./Core/Src/freertos.o
LOAD ./Core/Src/main.o
LOAD ./Core/Src/sh2_hal_stm32.o
LOAD ./Core/Src/stm32f7xx_hal_msp.o
LOAD ./Core/Src/stm32f7xx_hal_timebase_tim.o
LOAD ./Core/Src/stm32f7xx_it.o
LOAD ./Core/Src/syscalls.o
LOAD ./Core/Src/sysmem.o
LOAD ./Core/Src/system_stm32f7xx.o
LOAD ./Core/Startup/startup_stm32f756vgtx.o
LOAD ./Drivers/STM32F7xx_HAL_Driver/Src/stm32f7xx_hal.o
LOAD ./Drivers/STM32F7xx_HAL_Driver/Src/stm32f7xx_hal_adc.o
LOAD ./Drivers/STM32F7xx_HAL_Driver/Src/stm32f7xx_hal_adc_ex.o
LOAD ./Drivers/STM32F7xx_HAL_Driver/Src/stm32f7xx_hal_cortex.o
LOAD ./Drivers/STM32F7xx_HAL_Driver/Src/stm32f7xx_hal_dma.o
LOAD ./Drivers/STM32F7xx_HAL_Driver/Src/stm32f7xx_hal_dma_ex.o
LOAD ./Drivers/STM32F7xx_HAL_Driver/Src/stm32f7xx_hal_exti.o
LOAD ./Drivers/STM32F7xx_HAL_Driver/Src/stm32f7xx_hal_flash.o
LOAD ./Drivers/STM32F7xx_HAL_Driver/Src/stm32f7xx_hal_flash_ex.o
LOAD ./Drivers/STM32F7xx_HAL_Driver/Src/stm32f7xx_hal_gpio.o
LOAD ./Drivers/STM32F7xx_HAL_Driver/Src/stm32f7xx_hal_i2c.o
LOAD ./Drivers/STM32F7xx_HAL_Driver/Src/stm32f7xx_hal_i2c_ex.o
LOAD ./Drivers/STM32F7xx_HAL_Driver/Src/stm32f7xx_hal_pwr.o
LOAD ./Drivers/STM32F7xx_HAL_Driver/Src/stm32f7xx_hal_pwr_ex.o
LOAD ./Drivers/STM32F7xx_HAL_Driver/Src/stm32f7xx_hal_rcc.o
LOAD ./Drivers/STM32F7xx_HAL_Driver/Src/stm32f7xx_hal_rcc_ex.o
LOAD ./Drivers/STM32F7xx_HAL_Driver/Src/stm32f7xx_hal_tim.o
LOAD ./Drivers/STM32F7xx_HAL_Driver/Src/stm32f7xx_hal_tim_ex.o
LOAD ./Drivers/STM32F7xx_HAL_Driver/Src/stm32f7xx_hal_uart.o
LOAD ./Drivers/STM32F7xx_HAL_Driver/Src/stm32f7xx_hal_uart_ex.o
LOAD ./Middlewares/Third_Party/BMP5/bmp5.o
LOAD ./Middlewares/Third_Party/FreeRTOS/Source/CMSIS_RTOS_V2/cmsis_os2.o
LOAD ./Middlewares/Third_Party/FreeRTOS/Source/croutine.o
LOAD ./Middlewares/Third_Party/FreeRTOS/Source/event_groups.o
LOAD ./Middlewares/Third_Party/FreeRTOS/Source/list.o
LOAD ./Middlewares/Third_Party/FreeRTOS/Source/queue.o
LOAD ./Middlewares/Third_Party/FreeRTOS/Source/stream_buffer.o
LOAD ./Middlewares/Third_Party/FreeRTOS/Source/tasks.o
LOAD ./Middlewares/Third_Party/FreeRTOS/Source/timers.o
LOAD ./Middlewares/Third_Party/FreeRTOS/Source/portable/GCC/ARM_CM7/r0p1/port.o
LOAD ./Middlewares/Third_Party/FreeRTOS/Source/portable/MemMang/heap_4.o
LOAD ./Middlewares/Third_Party/sh2/euler.o
LOAD ./Middlewares/Third_Party/sh2/sh2.o
LOAD ./Middlewares/Third_Party/sh2/sh2_SensorValue.o
LOAD ./Middlewares/Third_Party/sh2/sh2_util.o
LOAD ./Middlewares/Third_Party/sh2/shtp.o
START GROUP
LOAD C:/ST/STM32CubeIDE_1.19.0/STM32CubeIDE/plugins/com.st.stm32cube.ide.mcu.externaltools.gnu-tools-for-stm32.13.3.rel1.win32_1.0.0.202411081344/tools/bin/../lib/gcc/arm-none-eabi/13.3.1/../../../../arm-none-eabi/lib/thumb/v7e-m+fp/hard\libc_nano.a
LOAD C:/ST/STM32CubeIDE_1.19.0/STM32CubeIDE/plugins/com.st.stm32cube.ide.mcu.externaltools.gnu-tools-for-stm32.13.3.rel1.win32_1.0.0.202411081344/tools/bin/../lib/gcc/arm-none-eabi/13.3.1/../../../../arm-none-eabi/lib/thumb/v7e-m+fp/hard\libm.a
END GROUP
START GROUP
LOAD C:/ST/STM32CubeIDE_1.19.0/STM32CubeIDE/plugins/com.st.stm32cube.ide.mcu.externaltools.gnu-tools-for-stm32.13.3.rel1.win32_1.0.0.202411081344/tools/bin/../lib/gcc/arm-none-eabi/13.3.1/thumb/v7e-m+fp/hard\libgcc.a
LOAD C:/ST/STM32CubeIDE_1.19.0/STM32CubeIDE/plugins/com.st.stm32cube.ide.mcu.externaltools.gnu-tools-for-stm32.13.3.rel1.win32_1.0.0.202411081344/tools/bin/../lib/gcc/arm-none-eabi/13.3.1/../../../../arm-none-eabi/lib/thumb/v7e-m+fp/hard\libc_nano.a
END GROUP
START GROUP
LOAD C:/ST/STM32CubeIDE_1.19.0/STM32CubeIDE/plugins/com.st.stm32cube.ide.mcu.externaltools.gnu-tools-for-stm32.13.3.rel1.win32_1.0.0.202411081344/tools/bin/../lib/gcc/arm-none-eabi/13.3.1/thumb/v7e-m+fp/hard\libgcc.a
LOAD C:/ST/STM32CubeIDE_1.19.0/STM32CubeIDE/plugins/com.st.stm32cube.ide.mcu.externaltools.gnu-tools-for-stm32.13.3.rel1.win32_1.0.0.202411081344/tools/bin/../lib/gcc/arm-none-eabi/13.3.1/../../../../arm-none-eabi/lib/thumb/v7e-m+fp/hard\libc_nano.a
LOAD C:/ST/STM32CubeIDE_1.19.0/STM32CubeIDE/plugins/com.st.stm32cube.ide.mcu.externaltools.gnu-tools-for-stm32.13.3.rel1.win32_1.0.0.202411081344/tools/bin/../lib/gcc/arm-none-eabi/13.3.1/../../../../arm-none-eabi/lib/thumb/v7e-m+fp/hard\libnosys.a
END GROUP
START GROUP
LOAD C:/ST/STM32CubeIDE_1.19.0/STM32CubeIDE/plugins/com.st.stm32cube.ide.mcu.externaltools.gnu-tools-for-stm32.13.3.rel1.win32_1.0.0.202411081344/tools/bin/../lib/gcc/arm-none-eabi/13.3.1/thumb/v7e-m+fp/hard\libgcc.a
LOAD C:/ST/STM32CubeIDE_1.19.0/STM32CubeIDE/plugins/com.st.stm32cube.ide.mcu.externaltools.gnu-tools-for-stm32.13.3.rel1.win32_1.0.0.202411081344/tools/bin/../lib/gcc/arm-none-eabi/13.3.1/../../../../arm-none-eabi/lib/thumb/v7e-m+fp/hard\libc_nano.a
LOAD C:/ST/STM32CubeIDE_1.19.0/STM32CubeIDE/plugins/com.st.stm32cube.ide.mcu.externaltools.gnu-tools-for-stm32.13.3.rel1.win32_1.0.0.202411081344/tools/bin/../lib/gcc/arm-none-eabi/13.3.1/../../../../arm-none-eabi/lib/thumb/v7e-m+fp/hard\libnosys.a
END GROUP
LOAD C:/ST/STM32CubeIDE_1.19.0/STM32CubeIDE/plugins/com.st.stm32cube.ide.mcu.externaltools.gnu-tools-for-stm32.13.3.rel1.win32_1.0.0.202411081344/tools/bin/../lib/gcc/arm-none-eabi/13.3.1/thumb/v7e-m+fp/hard/crtend.o
LOAD C:/ST/STM32CubeIDE_1.19.0/STM32CubeIDE/plugins/com.st.stm32cube.ide.mcu.externaltools.gnu-tools-for-stm32.13.3.rel1.win32_1.0.0.202411081344/tools/bin/../lib/gcc/arm-none-eabi/13.3.1/thumb/v7e-m+fp/hard/crtn.o
                0x20050000                        _estack = (ORIGIN (RAM) + LENGTH (RAM))
                0x00000200                        _Min_Heap_Size = 0x200
                0x00000400                        _Min_Stack_Size = 0x400

.isr_vector     0x08000000      0x1c8
                0x08000000                        . = ALIGN (0x4)
 *(.isr_vector)
 .isr_vector    0x08000000      0x1c8 ./Core/Startup/startup_stm32f756vgtx.o
                0x08000000                g_pfnVectors
                0x080001c8                        . = ALIGN (0x4)

.text           0x080001d0    0x1604c
                0x080001d0                        . = ALIGN (0x4)
 *(.text)
 .text          0x080001d0       0x40 C:/ST/STM32CubeIDE_1.19.0/STM32CubeIDE/plugins/com.st.stm32cube.ide.mcu.externaltools.gnu-tools-for-stm32.13.3.rel1.win32_1.0.0.202411081344/tools/bin/../lib/gcc/arm-none-eabi/13.3.1/thumb/v7e-m+fp/hard/crtbegin.o
 .text          0x08000210       0x14 C:/ST/STM32CubeIDE_1.19.0/STM32CubeIDE/plugins/com.st.stm32cube.ide.mcu.externaltools.gnu-tools-for-stm32.13.3.rel1.win32_1.0.0.202411081344/tools/bin/../lib/gcc/arm-none-eabi/13.3.1/../../../../arm-none-eabi/lib/thumb/v7e-m+fp/hard\libc_nano.a(libc_a-strcmp.o)
                0x08000210                strcmp
 *fill*         0x08000224        0xc 
 .text          0x08000230       0xa0 C:/ST/STM32CubeIDE_1.19.0/STM32CubeIDE/plugins/com.st.stm32cube.ide.mcu.externaltools.gnu-tools-for-stm32.13.3.rel1.win32_1.0.0.202411081344/tools/bin/../lib/gcc/arm-none-eabi/13.3.1/../../../../arm-none-eabi/lib/thumb/v7e-m+fp/hard\libc_nano.a(libc_a-memchr.o)
                0x08000230                memchr
 .text          0x080002d0       0x10 C:/ST/STM32CubeIDE_1.19.0/STM32CubeIDE/plugins/com.st.stm32cube.ide.mcu.externaltools.gnu-tools-for-stm32.13.3.rel1.win32_1.0.0.202411081344/tools/bin/../lib/gcc/arm-none-eabi/13.3.1/../../../../arm-none-eabi/lib/thumb/v7e-m+fp/hard\libc_nano.a(libc_a-strlen.o)
                0x080002d0                strlen
 .text          0x080002e0      0x378 C:/ST/STM32CubeIDE_1.19.0/STM32CubeIDE/plugins/com.st.stm32cube.ide.mcu.externaltools.gnu-tools-for-stm32.13.3.rel1.win32_1.0.0.202411081344/tools/bin/../lib/gcc/arm-none-eabi/13.3.1/thumb/v7e-m+fp/hard\libgcc.a(_arm_addsubdf3.o)
                0x080002e0                __aeabi_drsub
                0x080002e8                __aeabi_dsub
                0x080002e8                __subdf3
                0x080002ec                __aeabi_dadd
                0x080002ec                __adddf3
                0x08000564                __floatunsidf
                0x08000564                __aeabi_ui2d
                0x08000584                __floatsidf
                0x08000584                __aeabi_i2d
                0x080005a8                __aeabi_f2d
                0x080005a8                __extendsfdf2
                0x080005ec                __floatundidf
                0x080005ec                __aeabi_ul2d
                0x080005fc                __floatdidf
                0x080005fc                __aeabi_l2d
 .text          0x08000658      0x424 C:/ST/STM32CubeIDE_1.19.0/STM32CubeIDE/plugins/com.st.stm32cube.ide.mcu.externaltools.gnu-tools-for-stm32.13.3.rel1.win32_1.0.0.202411081344/tools/bin/../lib/gcc/arm-none-eabi/13.3.1/thumb/v7e-m+fp/hard\libgcc.a(_arm_muldivdf3.o)
                0x08000658                __aeabi_dmul
                0x08000658                __muldf3
                0x080008ac                __divdf3
                0x080008ac                __aeabi_ddiv
 .text          0x08000a7c      0x110 C:/ST/STM32CubeIDE_1.19.0/STM32CubeIDE/plugins/com.st.stm32cube.ide.mcu.externaltools.gnu-tools-for-stm32.13.3.rel1.win32_1.0.0.202411081344/tools/bin/../lib/gcc/arm-none-eabi/13.3.1/thumb/v7e-m+fp/hard\libgcc.a(_arm_cmpdf2.o)
                0x08000a7c                __gtdf2
                0x08000a7c                __gedf2
                0x08000a84                __ltdf2
                0x08000a84                __ledf2
                0x08000a8c                __nedf2
                0x08000a8c                __eqdf2
                0x08000a8c                __cmpdf2
                0x08000b08                __aeabi_cdrcmple
                0x08000b18                __aeabi_cdcmpeq
                0x08000b18                __aeabi_cdcmple
                0x08000b28                __aeabi_dcmpeq
                0x08000b3c                __aeabi_dcmplt
                0x08000b50                __aeabi_dcmple
                0x08000b64                __aeabi_dcmpge
                0x08000b78                __aeabi_dcmpgt
 .text          0x08000b8c       0x2c C:/ST/STM32CubeIDE_1.19.0/STM32CubeIDE/plugins/com.st.stm32cube.ide.mcu.externaltools.gnu-tools-for-stm32.13.3.rel1.win32_1.0.0.202411081344/tools/bin/../lib/gcc/arm-none-eabi/13.3.1/thumb/v7e-m+fp/hard\libgcc.a(_arm_unorddf2.o)
                0x08000b8c                __unorddf2
                0x08000b8c                __aeabi_dcmpun
 .text          0x08000bb8       0x50 C:/ST/STM32CubeIDE_1.19.0/STM32CubeIDE/plugins/com.st.stm32cube.ide.mcu.externaltools.gnu-tools-for-stm32.13.3.rel1.win32_1.0.0.202411081344/tools/bin/../lib/gcc/arm-none-eabi/13.3.1/thumb/v7e-m+fp/hard\libgcc.a(_arm_fixdfsi.o)
                0x08000bb8                __aeabi_d2iz
                0x08000bb8                __fixdfsi
 .text          0x08000c08       0xa0 C:/ST/STM32CubeIDE_1.19.0/STM32CubeIDE/plugins/com.st.stm32cube.ide.mcu.externaltools.gnu-tools-for-stm32.13.3.rel1.win32_1.0.0.202411081344/tools/bin/../lib/gcc/arm-none-eabi/13.3.1/thumb/v7e-m+fp/hard\libgcc.a(_arm_truncdfsf2.o)
                0x08000c08                __truncdfsf2
                0x08000c08                __aeabi_d2f
 .text          0x08000ca8       0x30 C:/ST/STM32CubeIDE_1.19.0/STM32CubeIDE/plugins/com.st.stm32cube.ide.mcu.externaltools.gnu-tools-for-stm32.13.3.rel1.win32_1.0.0.202411081344/tools/bin/../lib/gcc/arm-none-eabi/13.3.1/thumb/v7e-m+fp/hard\libgcc.a(_aeabi_uldivmod.o)
                0x08000ca8                __aeabi_uldivmod
 .text          0x08000cd8      0x2f8 C:/ST/STM32CubeIDE_1.19.0/STM32CubeIDE/plugins/com.st.stm32cube.ide.mcu.externaltools.gnu-tools-for-stm32.13.3.rel1.win32_1.0.0.202411081344/tools/bin/../lib/gcc/arm-none-eabi/13.3.1/thumb/v7e-m+fp/hard\libgcc.a(_udivmoddi4.o)
                0x08000cd8                __udivmoddi4
 .text          0x08000fd0        0x4 C:/ST/STM32CubeIDE_1.19.0/STM32CubeIDE/plugins/com.st.stm32cube.ide.mcu.externaltools.gnu-tools-for-stm32.13.3.rel1.win32_1.0.0.202411081344/tools/bin/../lib/gcc/arm-none-eabi/13.3.1/thumb/v7e-m+fp/hard\libgcc.a(_dvmd_tls.o)
                0x08000fd0                __aeabi_idiv0
                0x08000fd0                __aeabi_ldiv0
 *(.text*)
 .text.bmp5_i2c_read
                0x08000fd4       0x58 ./Core/Src/bmp5_hal_stm32.o
                0x08000fd4                bmp5_i2c_read
 .text.bmp5_i2c_write
                0x0800102c       0x58 ./Core/Src/bmp5_hal_stm32.o
                0x0800102c                bmp5_i2c_write
 .text.bmp5_delay_us
                0x08001084       0x80 ./Core/Src/bmp5_hal_stm32.o
                0x08001084                bmp5_delay_us
 .text.SCB_InvalidateDCache_by_Addr
                0x08001104       0x58 ./Core/Src/main.o
 .text.SCB_CleanDCache_by_Addr
                0x0800115c       0x58 ./Core/Src/main.o
 .text.ITM_SendChar
                0x080011b4       0x4e ./Core/Src/main.o
 *fill*         0x08001202        0x2 
 .text.RTOS_RunTimeStats_Init
                0x08001204       0x34 ./Core/Src/main.o
                0x08001204                RTOS_RunTimeStats_Init
 .text.RTOS_RunTimeStats_GetCounter
                0x08001238       0x18 ./Core/Src/main.o
                0x08001238                RTOS_RunTimeStats_GetCounter
 .text.BNO085_interpreter
                0x08001250      0x188 ./Core/Src/main.o
 .text.async_eventHandler
                0x080013d8       0x16 ./Core/Src/main.o
 *fill*         0x080013ee        0x2 
 .text.BNO085_Start
                0x080013f0       0x68 ./Core/Src/main.o
                0x080013f0                BNO085_Start
 .text.HAL_TIM_IC_CaptureCallback
                0x08001458      0x138 ./Core/Src/main.o
                0x08001458                HAL_TIM_IC_CaptureCallback
 .text._write   0x08001590       0x38 ./Core/Src/main.o
                0x08001590                _write
 .text.Read_ADC_Value
                0x080015c8       0x50 ./Core/Src/main.o
                0x080015c8                Read_ADC_Value
 .text.Read_Battery_Voltage
                0x08001618       0x68 ./Core/Src/main.o
                0x08001618                Read_Battery_Voltage
 .text.BMP_581_Init
                0x08001680      0x11c ./Core/Src/main.o
                0x08001680                BMP_581_Init
 .text.BMP_581_Read_Data
                0x0800179c       0x60 ./Core/Src/main.o
                0x0800179c                BMP_581_Read_Data
 .text.LoRa_Parse_SUNNY_Ping
                0x080017fc       0x88 ./Core/Src/main.o
                0x080017fc                LoRa_Parse_SUNNY_Ping
 .text.LoRa_TX  0x08001884       0xf0 ./Core/Src/main.o
                0x08001884                LoRa_TX
 .text.LoRa_RAW_Send
                0x08001974       0x3c ./Core/Src/main.o
                0x08001974                LoRa_RAW_Send
 .text.LoRa_SendAT
                0x080019b0       0xa8 ./Core/Src/main.o
                0x080019b0                LoRa_SendAT
 .text.LoRa_Send_SUNNY_ACK
                0x08001a58       0x28 ./Core/Src/main.o
                0x08001a58                LoRa_Send_SUNNY_ACK
 .text.LoRa_RX_Parse
                0x08001a80       0xcc ./Core/Src/main.o
                0x08001a80                LoRa_RX_Parse
 .text.LoRa_ProcessLine
                0x08001b4c       0xc4 ./Core/Src/main.o
                0x08001b4c                LoRa_ProcessLine
 .text.LoRa_TX_Scheduler
                0x08001c10      0x4c8 ./Core/Src/main.o
                0x08001c10                LoRa_TX_Scheduler
 .text.LoRa_Init
                0x080020d8       0x84 ./Core/Src/main.o
                0x080020d8                LoRa_Init
 .text.UpdateTaskStats
                0x0800215c      0x1bc ./Core/Src/main.o
                0x0800215c                UpdateTaskStats
 .text.main     0x08002318      0x214 ./Core/Src/main.o
                0x08002318                main
 .text.SystemClock_Config
                0x0800252c       0xd8 ./Core/Src/main.o
                0x0800252c                SystemClock_Config
 .text.MX_NVIC_Init
                0x08002604       0x58 ./Core/Src/main.o
 .text.MX_ADC1_Init
                0x0800265c       0xa4 ./Core/Src/main.o
 .text.MX_I2C1_Init
                0x08002700       0x80 ./Core/Src/main.o
 .text.MX_I2C2_Init
                0x08002780       0x80 ./Core/Src/main.o
 .text.MX_TIM1_Init
                0x08002800      0x158 ./Core/Src/main.o
 .text.MX_TIM2_Init
                0x08002958      0x13c ./Core/Src/main.o
 .text.MX_TIM3_Init
                0x08002a94      0x13c ./Core/Src/main.o
 .text.MX_TIM4_Init
                0x08002bd0      0x13c ./Core/Src/main.o
 .text.MX_TIM5_Init
                0x08002d0c      0x13c ./Core/Src/main.o
 .text.MX_TIM8_Init
                0x08002e48      0x158 ./Core/Src/main.o
 .text.MX_TIM9_Init
                0x08002fa0       0xc4 ./Core/Src/main.o
 .text.MX_TIM12_Init
                0x08003064       0xc4 ./Core/Src/main.o
 .text.MX_UART8_Init
                0x08003128       0x60 ./Core/Src/main.o
 .text.MX_DMA_Init
                0x08003188       0x30 ./Core/Src/main.o
 .text.MX_GPIO_Init
                0x080031b8      0x100 ./Core/Src/main.o
 .text.HAL_GPIO_EXTI_Callback
                0x080032b8       0x2c ./Core/Src/main.o
                0x080032b8                HAL_GPIO_EXTI_Callback
 .text.HAL_UART_TxCpltCallback
                0x080032e4       0x2c ./Core/Src/main.o
                0x080032e4                HAL_UART_TxCpltCallback
 .text.LoRa_OnIdleLine
                0x08003310       0xd4 ./Core/Src/main.o
                0x08003310                LoRa_OnIdleLine
 .text.StartTelemTxTask
                0x080033e4      0x178 ./Core/Src/main.o
                0x080033e4                StartTelemTxTask
 .text.StartFlightTask
                0x0800355c      0x7a8 ./Core/Src/main.o
                0x0800355c                StartFlightTask
 .text.StartTelemRxTask
                0x08003d04       0xe4 ./Core/Src/main.o
                0x08003d04                StartTelemRxTask
 .text.StartHousekeepingTask
                0x08003de8      0x244 ./Core/Src/main.o
                0x08003de8                StartHousekeepingTask
 .text.MPU_Config
                0x0800402c       0x58 ./Core/Src/main.o
 .text.HAL_TIM_PeriodElapsedCallback
                0x08004084       0x24 ./Core/Src/main.o
                0x08004084                HAL_TIM_PeriodElapsedCallback
 .text.Error_Handler
                0x080040a8        0xc ./Core/Src/main.o
                0x080040a8                Error_Handler
 .text.usTimerInit
                0x080040b4        0xe ./Core/Src/sh2_hal_stm32.o
 .text.timeUs   0x080040c2       0x16 ./Core/Src/sh2_hal_stm32.o
 .text.BNO_INTN_OnFalling
                0x080040d8       0x40 ./Core/Src/sh2_hal_stm32.o
                0x080040d8                BNO_INTN_OnFalling
 .text.hal_open
                0x08004118       0x74 ./Core/Src/sh2_hal_stm32.o
 .text.hal_close
                0x0800418c       0x14 ./Core/Src/sh2_hal_stm32.o
 .text.hal_read
                0x080041a0       0xa0 ./Core/Src/sh2_hal_stm32.o
 .text.hal_write
                0x08004240       0x38 ./Core/Src/sh2_hal_stm32.o
 .text.hal_getTimeUs
                0x08004278       0x16 ./Core/Src/sh2_hal_stm32.o
 *fill*         0x0800428e        0x2 
 .text.sh2_hal_init
                0x08004290       0x48 ./Core/Src/sh2_hal_stm32.o
                0x08004290                sh2_hal_init
 .text.HAL_MspInit
                0x080042d8       0x50 ./Core/Src/stm32f7xx_hal_msp.o
                0x080042d8                HAL_MspInit
 .text.HAL_ADC_MspInit
                0x08004328       0x80 ./Core/Src/stm32f7xx_hal_msp.o
                0x08004328                HAL_ADC_MspInit
 .text.HAL_I2C_MspInit
                0x080043a8      0x14c ./Core/Src/stm32f7xx_hal_msp.o
                0x080043a8                HAL_I2C_MspInit
 .text.HAL_TIM_Base_MspInit
                0x080044f4      0x298 ./Core/Src/stm32f7xx_hal_msp.o
                0x080044f4                HAL_TIM_Base_MspInit
 .text.HAL_TIM_MspPostInit
                0x0800478c      0x154 ./Core/Src/stm32f7xx_hal_msp.o
                0x0800478c                HAL_TIM_MspPostInit
 .text.HAL_UART_MspInit
                0x080048e0      0x18c ./Core/Src/stm32f7xx_hal_msp.o
                0x080048e0                HAL_UART_MspInit
 .text.HAL_InitTick
                0x08004a6c       0xe4 ./Core/Src/stm32f7xx_hal_timebase_tim.o
                0x08004a6c                HAL_InitTick
 .text.NMI_Handler
                0x08004b50        0x8 ./Core/Src/stm32f7xx_it.o
                0x08004b50                NMI_Handler
 .text.HardFault_Handler
                0x08004b58        0x8 ./Core/Src/stm32f7xx_it.o
                0x08004b58                HardFault_Handler
 .text.MemManage_Handler
                0x08004b60        0x8 ./Core/Src/stm32f7xx_it.o
                0x08004b60                MemManage_Handler
 .text.BusFault_Handler
                0x08004b68        0x8 ./Core/Src/stm32f7xx_it.o
                0x08004b68                BusFault_Handler
 .text.UsageFault_Handler
                0x08004b70        0x8 ./Core/Src/stm32f7xx_it.o
                0x08004b70                UsageFault_Handler
 .text.DebugMon_Handler
                0x08004b78        0xe ./Core/Src/stm32f7xx_it.o
                0x08004b78                DebugMon_Handler
 .text.EXTI0_IRQHandler
                0x08004b86        0xe ./Core/Src/stm32f7xx_it.o
                0x08004b86                EXTI0_IRQHandler
 .text.DMA1_Stream0_IRQHandler
                0x08004b94       0x14 ./Core/Src/stm32f7xx_it.o
                0x08004b94                DMA1_Stream0_IRQHandler
 .text.DMA1_Stream6_IRQHandler
                0x08004ba8       0x14 ./Core/Src/stm32f7xx_it.o
                0x08004ba8                DMA1_Stream6_IRQHandler
 .text.TIM1_UP_TIM10_IRQHandler
                0x08004bbc       0x1c ./Core/Src/stm32f7xx_it.o
                0x08004bbc                TIM1_UP_TIM10_IRQHandler
 .text.TIM2_IRQHandler
                0x08004bd8       0x14 ./Core/Src/stm32f7xx_it.o
                0x08004bd8                TIM2_IRQHandler
 .text.TIM3_IRQHandler
                0x08004bec       0x14 ./Core/Src/stm32f7xx_it.o
                0x08004bec                TIM3_IRQHandler
 .text.TIM4_IRQHandler
                0x08004c00       0x14 ./Core/Src/stm32f7xx_it.o
                0x08004c00                TIM4_IRQHandler
 .text.I2C2_EV_IRQHandler
                0x08004c14       0x14 ./Core/Src/stm32f7xx_it.o
                0x08004c14                I2C2_EV_IRQHandler
 .text.TIM5_IRQHandler
                0x08004c28       0x14 ./Core/Src/stm32f7xx_it.o
                0x08004c28                TIM5_IRQHandler
 .text.UART8_IRQHandler
                0x08004c3c       0x2c ./Core/Src/stm32f7xx_it.o
                0x08004c3c                UART8_IRQHandler
 .text._getpid  0x08004c68       0x10 ./Core/Src/syscalls.o
                0x08004c68                _getpid
 .text._kill    0x08004c78       0x20 ./Core/Src/syscalls.o
                0x08004c78                _kill
 .text._exit    0x08004c98       0x16 ./Core/Src/syscalls.o
                0x08004c98                _exit
 .text._read    0x08004cae       0x3a ./Core/Src/syscalls.o
                0x08004cae                _read
 .text._close   0x08004ce8       0x18 ./Core/Src/syscalls.o
                0x08004ce8                _close
 .text._fstat   0x08004d00       0x20 ./Core/Src/syscalls.o
                0x08004d00                _fstat
 .text._isatty  0x08004d20       0x16 ./Core/Src/syscalls.o
                0x08004d20                _isatty
 .text._lseek   0x08004d36       0x1a ./Core/Src/syscalls.o
                0x08004d36                _lseek
 .text._sbrk    0x08004d50       0x6c ./Core/Src/sysmem.o
                0x08004d50                _sbrk
 .text.SystemInit
                0x08004dbc       0x24 ./Core/Src/system_stm32f7xx.o
                0x08004dbc                SystemInit
 .text.Reset_Handler
                0x08004de0       0x50 ./Core/Startup/startup_stm32f756vgtx.o
                0x08004de0                Reset_Handler
 .text.Default_Handler
                0x08004e30        0x2 ./Core/Startup/startup_stm32f756vgtx.o
                0x08004e30                RTC_Alarm_IRQHandler
                0x08004e30                HASH_RNG_IRQHandler
                0x08004e30                EXTI2_IRQHandler
                0x08004e30                TIM8_CC_IRQHandler
                0x08004e30                SPI4_IRQHandler
                0x08004e30                TIM1_CC_IRQHandler
                0x08004e30                DMA2_Stream5_IRQHandler
                0x08004e30                DMA1_Stream5_IRQHandler
                0x08004e30                PVD_IRQHandler
                0x08004e30                TAMP_STAMP_IRQHandler
                0x08004e30                CAN2_RX1_IRQHandler
                0x08004e30                EXTI3_IRQHandler
                0x08004e30                TIM8_TRG_COM_TIM14_IRQHandler
                0x08004e30                TIM8_UP_TIM13_IRQHandler
                0x08004e30                I2C3_ER_IRQHandler
                0x08004e30                DMA1_Stream2_IRQHandler
                0x08004e30                CAN1_RX0_IRQHandler
                0x08004e30                FPU_IRQHandler
                0x08004e30                OTG_HS_WKUP_IRQHandler
                0x08004e30                LTDC_ER_IRQHandler
                0x08004e30                CAN2_SCE_IRQHandler
                0x08004e30                DMA2_Stream2_IRQHandler
                0x08004e30                SPI1_IRQHandler
                0x08004e30                TIM6_DAC_IRQHandler
                0x08004e30                TIM1_BRK_TIM9_IRQHandler
                0x08004e30                DCMI_IRQHandler
                0x08004e30                CAN2_RX0_IRQHandler
                0x08004e30                DMA2_Stream3_IRQHandler
                0x08004e30                SAI2_IRQHandler
                0x08004e30                USART6_IRQHandler
                0x08004e30                USART3_IRQHandler
                0x08004e30                CRYP_IRQHandler
                0x08004e30                CAN1_RX1_IRQHandler
                0x08004e30                UART5_IRQHandler
                0x08004e30                DMA2_Stream0_IRQHandler
                0x08004e30                QUADSPI_IRQHandler
                0x08004e30                I2C1_EV_IRQHandler
                0x08004e30                DMA1_Stream1_IRQHandler
                0x08004e30                UART4_IRQHandler
                0x08004e30                RCC_IRQHandler
                0x08004e30                TIM8_BRK_TIM12_IRQHandler
                0x08004e30                Default_Handler
                0x08004e30                CEC_IRQHandler
                0x08004e30                EXTI15_10_IRQHandler
                0x08004e30                ADC_IRQHandler
                0x08004e30                DMA1_Stream7_IRQHandler
                0x08004e30                SPI5_IRQHandler
                0x08004e30                TIM7_IRQHandler
                0x08004e30                SDMMC1_IRQHandler
                0x08004e30                CAN2_TX_IRQHandler
                0x08004e30                DMA2_Stream7_IRQHandler
                0x08004e30                I2C3_EV_IRQHandler
                0x08004e30                EXTI9_5_IRQHandler
                0x08004e30                RTC_WKUP_IRQHandler
                0x08004e30                LTDC_IRQHandler
                0x08004e30                ETH_WKUP_IRQHandler
                0x08004e30                SPDIF_RX_IRQHandler
                0x08004e30                SPI2_IRQHandler
                0x08004e30                OTG_HS_EP1_IN_IRQHandler
                0x08004e30                CAN1_TX_IRQHandler
                0x08004e30                EXTI4_IRQHandler
                0x08004e30                ETH_IRQHandler
                0x08004e30                OTG_HS_EP1_OUT_IRQHandler
                0x08004e30                WWDG_IRQHandler
                0x08004e30                SPI6_IRQHandler
                0x08004e30                I2C4_EV_IRQHandler
                0x08004e30                OTG_FS_WKUP_IRQHandler
                0x08004e30                TIM1_TRG_COM_TIM11_IRQHandler
                0x08004e30                OTG_HS_IRQHandler
                0x08004e30                DMA2D_IRQHandler
                0x08004e30                EXTI1_IRQHandler
                0x08004e30                UART7_IRQHandler
                0x08004e30                USART2_IRQHandler
                0x08004e30                I2C2_ER_IRQHandler
                0x08004e30                DMA2_Stream1_IRQHandler
                0x08004e30                CAN1_SCE_IRQHandler
                0x08004e30                FLASH_IRQHandler
                0x08004e30                DMA2_Stream4_IRQHandler
                0x08004e30                USART1_IRQHandler
                0x08004e30                OTG_FS_IRQHandler
                0x08004e30                SPI3_IRQHandler
                0x08004e30                DMA1_Stream4_IRQHandler
                0x08004e30                I2C1_ER_IRQHandler
                0x08004e30                FMC_IRQHandler
                0x08004e30                LPTIM1_IRQHandler
                0x08004e30                I2C4_ER_IRQHandler
                0x08004e30                DMA2_Stream6_IRQHandler
                0x08004e30                SAI1_IRQHandler
                0x08004e30                DMA1_Stream3_IRQHandler
 .text.HAL_Init
                0x08004e32       0x1a ./Drivers/STM32F7xx_HAL_Driver/Src/stm32f7xx_hal.o
                0x08004e32                HAL_Init
 .text.HAL_IncTick
                0x08004e4c       0x28 ./Drivers/STM32F7xx_HAL_Driver/Src/stm32f7xx_hal.o
                0x08004e4c                HAL_IncTick
 .text.HAL_GetTick
                0x08004e74       0x18 ./Drivers/STM32F7xx_HAL_Driver/Src/stm32f7xx_hal.o
                0x08004e74                HAL_GetTick
 .text.HAL_Delay
                0x08004e8c       0x48 ./Drivers/STM32F7xx_HAL_Driver/Src/stm32f7xx_hal.o
                0x08004e8c                HAL_Delay
 .text.HAL_ADC_Init
                0x08004ed4       0x88 ./Drivers/STM32F7xx_HAL_Driver/Src/stm32f7xx_hal_adc.o
                0x08004ed4                HAL_ADC_Init
 .text.HAL_ADC_Start
                0x08004f5c      0x19c ./Drivers/STM32F7xx_HAL_Driver/Src/stm32f7xx_hal_adc.o
                0x08004f5c                HAL_ADC_Start
 .text.HAL_ADC_Stop
                0x080050f8       0x68 ./Drivers/STM32F7xx_HAL_Driver/Src/stm32f7xx_hal_adc.o
                0x080050f8                HAL_ADC_Stop
 .text.HAL_ADC_PollForConversion
                0x08005160      0x116 ./Drivers/STM32F7xx_HAL_Driver/Src/stm32f7xx_hal_adc.o
                0x08005160                HAL_ADC_PollForConversion
 .text.HAL_ADC_GetValue
                0x08005276       0x1a ./Drivers/STM32F7xx_HAL_Driver/Src/stm32f7xx_hal_adc.o
                0x08005276                HAL_ADC_GetValue
 .text.HAL_ADC_ConfigChannel
                0x08005290      0x2b4 ./Drivers/STM32F7xx_HAL_Driver/Src/stm32f7xx_hal_adc.o
                0x08005290                HAL_ADC_ConfigChannel
 .text.ADC_Init
                0x08005544      0x1f4 ./Drivers/STM32F7xx_HAL_Driver/Src/stm32f7xx_hal_adc.o
 .text.__NVIC_SetPriorityGrouping
                0x08005738       0x48 ./Drivers/STM32F7xx_HAL_Driver/Src/stm32f7xx_hal_cortex.o
 .text.__NVIC_GetPriorityGrouping
                0x08005780       0x1c ./Drivers/STM32F7xx_HAL_Driver/Src/stm32f7xx_hal_cortex.o
 .text.__NVIC_EnableIRQ
                0x0800579c       0x3c ./Drivers/STM32F7xx_HAL_Driver/Src/stm32f7xx_hal_cortex.o
 .text.__NVIC_SetPriority
                0x080057d8       0x54 ./Drivers/STM32F7xx_HAL_Driver/Src/stm32f7xx_hal_cortex.o
 .text.NVIC_EncodePriority
                0x0800582c       0x66 ./Drivers/STM32F7xx_HAL_Driver/Src/stm32f7xx_hal_cortex.o
 .text.HAL_NVIC_SetPriorityGrouping
                0x08005892       0x16 ./Drivers/STM32F7xx_HAL_Driver/Src/stm32f7xx_hal_cortex.o
                0x08005892                HAL_NVIC_SetPriorityGrouping
 .text.HAL_NVIC_SetPriority
                0x080058a8       0x38 ./Drivers/STM32F7xx_HAL_Driver/Src/stm32f7xx_hal_cortex.o
                0x080058a8                HAL_NVIC_SetPriority
 .text.HAL_NVIC_EnableIRQ
                0x080058e0       0x1c ./Drivers/STM32F7xx_HAL_Driver/Src/stm32f7xx_hal_cortex.o
                0x080058e0                HAL_NVIC_EnableIRQ
 .text.HAL_MPU_Disable
                0x080058fc       0x30 ./Drivers/STM32F7xx_HAL_Driver/Src/stm32f7xx_hal_cortex.o
                0x080058fc                HAL_MPU_Disable
 .text.HAL_MPU_Enable
                0x0800592c       0x40 ./Drivers/STM32F7xx_HAL_Driver/Src/stm32f7xx_hal_cortex.o
                0x0800592c                HAL_MPU_Enable
 .text.HAL_MPU_ConfigRegion
                0x0800596c       0x80 ./Drivers/STM32F7xx_HAL_Driver/Src/stm32f7xx_hal_cortex.o
                0x0800596c                HAL_MPU_ConfigRegion
 .text.HAL_DMA_Init
                0x080059ec      0x15c ./Drivers/STM32F7xx_HAL_Driver/Src/stm32f7xx_hal_dma.o
                0x080059ec                HAL_DMA_Init
 .text.HAL_DMA_Start_IT
                0x08005b48       0xc0 ./Drivers/STM32F7xx_HAL_Driver/Src/stm32f7xx_hal_dma.o
                0x08005b48                HAL_DMA_Start_IT
 .text.HAL_DMA_Abort
                0x08005c08       0xe0 ./Drivers/STM32F7xx_HAL_Driver/Src/stm32f7xx_hal_dma.o
                0x08005c08                HAL_DMA_Abort
 .text.HAL_DMA_Abort_IT
                0x08005ce8       0x44 ./Drivers/STM32F7xx_HAL_Driver/Src/stm32f7xx_hal_dma.o
                0x08005ce8                HAL_DMA_Abort_IT
 .text.HAL_DMA_IRQHandler
                0x08005d2c      0x314 ./Drivers/STM32F7xx_HAL_Driver/Src/stm32f7xx_hal_dma.o
                0x08005d2c                HAL_DMA_IRQHandler
 .text.DMA_SetConfig
                0x08006040       0x5c ./Drivers/STM32F7xx_HAL_Driver/Src/stm32f7xx_hal_dma.o
 .text.DMA_CalcBaseAndBitshift
                0x0800609c       0x6c ./Drivers/STM32F7xx_HAL_Driver/Src/stm32f7xx_hal_dma.o
 .text.DMA_CheckFifoParam
                0x08006108       0xf8 ./Drivers/STM32F7xx_HAL_Driver/Src/stm32f7xx_hal_dma.o
 .text.HAL_GPIO_Init
                0x08006200      0x358 ./Drivers/STM32F7xx_HAL_Driver/Src/stm32f7xx_hal_gpio.o
                0x08006200                HAL_GPIO_Init
 .text.HAL_GPIO_ReadPin
                0x08006558       0x30 ./Drivers/STM32F7xx_HAL_Driver/Src/stm32f7xx_hal_gpio.o
                0x08006558                HAL_GPIO_ReadPin
 .text.HAL_GPIO_WritePin
                0x08006588       0x32 ./Drivers/STM32F7xx_HAL_Driver/Src/stm32f7xx_hal_gpio.o
                0x08006588                HAL_GPIO_WritePin
 *fill*         0x080065ba        0x2 
 .text.HAL_GPIO_EXTI_IRQHandler
                0x080065bc       0x30 ./Drivers/STM32F7xx_HAL_Driver/Src/stm32f7xx_hal_gpio.o
                0x080065bc                HAL_GPIO_EXTI_IRQHandler
 .text.HAL_I2C_Init
                0x080065ec      0x138 ./Drivers/STM32F7xx_HAL_Driver/Src/stm32f7xx_hal_i2c.o
                0x080065ec                HAL_I2C_Init
 .text.HAL_I2C_Master_Transmit
                0x08006724      0x230 ./Drivers/STM32F7xx_HAL_Driver/Src/stm32f7xx_hal_i2c.o
                0x08006724                HAL_I2C_Master_Transmit
 .text.HAL_I2C_Master_Receive
                0x08006954      0x1ec ./Drivers/STM32F7xx_HAL_Driver/Src/stm32f7xx_hal_i2c.o
                0x08006954                HAL_I2C_Master_Receive
 .text.HAL_I2C_Mem_Write
                0x08006b40      0x228 ./Drivers/STM32F7xx_HAL_Driver/Src/stm32f7xx_hal_i2c.o
                0x08006b40                HAL_I2C_Mem_Write
 .text.HAL_I2C_Mem_Read
                0x08006d68      0x234 ./Drivers/STM32F7xx_HAL_Driver/Src/stm32f7xx_hal_i2c.o
                0x08006d68                HAL_I2C_Mem_Read
 .text.HAL_I2C_EV_IRQHandler
                0x08006f9c       0x34 ./Drivers/STM32F7xx_HAL_Driver/Src/stm32f7xx_hal_i2c.o
                0x08006f9c                HAL_I2C_EV_IRQHandler
 .text.I2C_RequestMemoryWrite
                0x08006fd0       0xa8 ./Drivers/STM32F7xx_HAL_Driver/Src/stm32f7xx_hal_i2c.o
 .text.I2C_RequestMemoryRead
                0x08007078       0xa8 ./Drivers/STM32F7xx_HAL_Driver/Src/stm32f7xx_hal_i2c.o
 .text.I2C_Flush_TXDR
                0x08007120       0x48 ./Drivers/STM32F7xx_HAL_Driver/Src/stm32f7xx_hal_i2c.o
 .text.I2C_WaitOnFlagUntilTimeout
                0x08007168       0xb2 ./Drivers/STM32F7xx_HAL_Driver/Src/stm32f7xx_hal_i2c.o
 .text.I2C_WaitOnTXISFlagUntilTimeout
                0x0800721a       0x8e ./Drivers/STM32F7xx_HAL_Driver/Src/stm32f7xx_hal_i2c.o
 .text.I2C_WaitOnSTOPFlagUntilTimeout
                0x080072a8       0x86 ./Drivers/STM32F7xx_HAL_Driver/Src/stm32f7xx_hal_i2c.o
 *fill*         0x0800732e        0x2 
 .text.I2C_WaitOnRXNEFlagUntilTimeout
                0x08007330      0x118 ./Drivers/STM32F7xx_HAL_Driver/Src/stm32f7xx_hal_i2c.o
 .text.I2C_IsErrorOccurred
                0x08007448      0x1c0 ./Drivers/STM32F7xx_HAL_Driver/Src/stm32f7xx_hal_i2c.o
 .text.I2C_TransferConfig
                0x08007608       0x64 ./Drivers/STM32F7xx_HAL_Driver/Src/stm32f7xx_hal_i2c.o
 .text.HAL_I2CEx_ConfigAnalogFilter
                0x0800766c       0x96 ./Drivers/STM32F7xx_HAL_Driver/Src/stm32f7xx_hal_i2c_ex.o
                0x0800766c                HAL_I2CEx_ConfigAnalogFilter
 .text.HAL_I2CEx_ConfigDigitalFilter
                0x08007702       0x98 ./Drivers/STM32F7xx_HAL_Driver/Src/stm32f7xx_hal_i2c_ex.o
                0x08007702                HAL_I2CEx_ConfigDigitalFilter
 *fill*         0x0800779a        0x2 
 .text.HAL_PWREx_EnableOverDrive
                0x0800779c       0xa0 ./Drivers/STM32F7xx_HAL_Driver/Src/stm32f7xx_hal_pwr_ex.o
                0x0800779c                HAL_PWREx_EnableOverDrive
 .text.HAL_RCC_OscConfig
                0x0800783c      0x548 ./Drivers/STM32F7xx_HAL_Driver/Src/stm32f7xx_hal_rcc.o
                0x0800783c                HAL_RCC_OscConfig
 .text.HAL_RCC_ClockConfig
                0x08007d84      0x1d8 ./Drivers/STM32F7xx_HAL_Driver/Src/stm32f7xx_hal_rcc.o
                0x08007d84                HAL_RCC_ClockConfig
 .text.HAL_RCC_GetSysClockFreq
                0x08007f5c      0x208 ./Drivers/STM32F7xx_HAL_Driver/Src/stm32f7xx_hal_rcc.o
                0x08007f5c                HAL_RCC_GetSysClockFreq
 .text.HAL_RCC_GetHCLKFreq
                0x08008164       0x18 ./Drivers/STM32F7xx_HAL_Driver/Src/stm32f7xx_hal_rcc.o
                0x08008164                HAL_RCC_GetHCLKFreq
 .text.HAL_RCC_GetPCLK1Freq
                0x0800817c       0x28 ./Drivers/STM32F7xx_HAL_Driver/Src/stm32f7xx_hal_rcc.o
                0x0800817c                HAL_RCC_GetPCLK1Freq
 .text.HAL_RCC_GetPCLK2Freq
                0x080081a4       0x28 ./Drivers/STM32F7xx_HAL_Driver/Src/stm32f7xx_hal_rcc.o
                0x080081a4                HAL_RCC_GetPCLK2Freq
 .text.HAL_RCC_GetClockConfig
                0x080081cc       0x64 ./Drivers/STM32F7xx_HAL_Driver/Src/stm32f7xx_hal_rcc.o
                0x080081cc                HAL_RCC_GetClockConfig
 .text.HAL_RCCEx_PeriphCLKConfig
                0x08008230      0x7e0 ./Drivers/STM32F7xx_HAL_Driver/Src/stm32f7xx_hal_rcc_ex.o
                0x08008230                HAL_RCCEx_PeriphCLKConfig
 .text.HAL_TIM_Base_Init
                0x08008a10       0xae ./Drivers/STM32F7xx_HAL_Driver/Src/stm32f7xx_hal_tim.o
                0x08008a10                HAL_TIM_Base_Init
 *fill*         0x08008abe        0x2 
 .text.HAL_TIM_Base_Start_IT
                0x08008ac0       0xf0 ./Drivers/STM32F7xx_HAL_Driver/Src/stm32f7xx_hal_tim.o
                0x08008ac0                HAL_TIM_Base_Start_IT
 .text.HAL_TIM_PWM_Init
                0x08008bb0       0xae ./Drivers/STM32F7xx_HAL_Driver/Src/stm32f7xx_hal_tim.o
                0x08008bb0                HAL_TIM_PWM_Init
 .text.HAL_TIM_PWM_MspInit
                0x08008c5e       0x14 ./Drivers/STM32F7xx_HAL_Driver/Src/stm32f7xx_hal_tim.o
                0x08008c5e                HAL_TIM_PWM_MspInit
 *fill*         0x08008c72        0x2 
 .text.HAL_TIM_PWM_Start
                0x08008c74      0x1f4 ./Drivers/STM32F7xx_HAL_Driver/Src/stm32f7xx_hal_tim.o
                0x08008c74                HAL_TIM_PWM_Start
 .text.HAL_TIM_IC_Init
                0x08008e68       0xae ./Drivers/STM32F7xx_HAL_Driver/Src/stm32f7xx_hal_tim.o
                0x08008e68                HAL_TIM_IC_Init
 .text.HAL_TIM_IC_MspInit
                0x08008f16       0x14 ./Drivers/STM32F7xx_HAL_Driver/Src/stm32f7xx_hal_tim.o
                0x08008f16                HAL_TIM_IC_MspInit
 *fill*         0x08008f2a        0x2 
 .text.HAL_TIM_IC_Start_IT
                0x08008f2c      0x2a0 ./Drivers/STM32F7xx_HAL_Driver/Src/stm32f7xx_hal_tim.o
                0x08008f2c                HAL_TIM_IC_Start_IT
 .text.HAL_TIM_IRQHandler
                0x080091cc      0x20e ./Drivers/STM32F7xx_HAL_Driver/Src/stm32f7xx_hal_tim.o
                0x080091cc                HAL_TIM_IRQHandler
 .text.HAL_TIM_IC_ConfigChannel
                0x080093da      0x138 ./Drivers/STM32F7xx_HAL_Driver/Src/stm32f7xx_hal_tim.o
                0x080093da                HAL_TIM_IC_ConfigChannel
 *fill*         0x08009512        0x2 
 .text.HAL_TIM_PWM_ConfigChannel
                0x08009514      0x228 ./Drivers/STM32F7xx_HAL_Driver/Src/stm32f7xx_hal_tim.o
                0x08009514                HAL_TIM_PWM_ConfigChannel
 .text.HAL_TIM_ConfigClockSource
                0x0800973c      0x194 ./Drivers/STM32F7xx_HAL_Driver/Src/stm32f7xx_hal_tim.o
                0x0800973c                HAL_TIM_ConfigClockSource
 .text.HAL_TIM_SlaveConfigSynchro
                0x080098d0       0x84 ./Drivers/STM32F7xx_HAL_Driver/Src/stm32f7xx_hal_tim.o
                0x080098d0                HAL_TIM_SlaveConfigSynchro
 .text.HAL_TIM_ReadCapturedValue
                0x08009954       0x88 ./Drivers/STM32F7xx_HAL_Driver/Src/stm32f7xx_hal_tim.o
                0x08009954                HAL_TIM_ReadCapturedValue
 .text.HAL_TIM_OC_DelayElapsedCallback
                0x080099dc       0x14 ./Drivers/STM32F7xx_HAL_Driver/Src/stm32f7xx_hal_tim.o
                0x080099dc                HAL_TIM_OC_DelayElapsedCallback
 .text.HAL_TIM_PWM_PulseFinishedCallback
                0x080099f0       0x14 ./Drivers/STM32F7xx_HAL_Driver/Src/stm32f7xx_hal_tim.o
                0x080099f0                HAL_TIM_PWM_PulseFinishedCallback
 .text.HAL_TIM_TriggerCallback
                0x08009a04       0x14 ./Drivers/STM32F7xx_HAL_Driver/Src/stm32f7xx_hal_tim.o
                0x08009a04                HAL_TIM_TriggerCallback
 .text.TIM_Base_SetConfig
                0x08009a18      0x14c ./Drivers/STM32F7xx_HAL_Driver/Src/stm32f7xx_hal_tim.o
                0x08009a18                TIM_Base_SetConfig
 .text.TIM_OC1_SetConfig
                0x08009b64       0xe4 ./Drivers/STM32F7xx_HAL_Driver/Src/stm32f7xx_hal_tim.o
 .text.TIM_OC2_SetConfig
                0x08009c48       0xf0 ./Drivers/STM32F7xx_HAL_Driver/Src/stm32f7xx_hal_tim.o
                0x08009c48                TIM_OC2_SetConfig
 .text.TIM_OC3_SetConfig
                0x08009d38       0xec ./Drivers/STM32F7xx_HAL_Driver/Src/stm32f7xx_hal_tim.o
 .text.TIM_OC4_SetConfig
                0x08009e24       0xb0 ./Drivers/STM32F7xx_HAL_Driver/Src/stm32f7xx_hal_tim.o
 .text.TIM_OC5_SetConfig
                0x08009ed4       0xa4 ./Drivers/STM32F7xx_HAL_Driver/Src/stm32f7xx_hal_tim.o
 .text.TIM_OC6_SetConfig
                0x08009f78       0xa8 ./Drivers/STM32F7xx_HAL_Driver/Src/stm32f7xx_hal_tim.o
 .text.TIM_SlaveTimer_SetConfig
                0x0800a020      0x128 ./Drivers/STM32F7xx_HAL_Driver/Src/stm32f7xx_hal_tim.o
 .text.TIM_TI1_SetConfig
                0x0800a148       0xe8 ./Drivers/STM32F7xx_HAL_Driver/Src/stm32f7xx_hal_tim.o
                0x0800a148                TIM_TI1_SetConfig
 .text.TIM_TI1_ConfigInputStage
                0x0800a230       0x5e ./Drivers/STM32F7xx_HAL_Driver/Src/stm32f7xx_hal_tim.o
 .text.TIM_TI2_SetConfig
                0x0800a28e       0x7a ./Drivers/STM32F7xx_HAL_Driver/Src/stm32f7xx_hal_tim.o
 .text.TIM_TI2_ConfigInputStage
                0x0800a308       0x60 ./Drivers/STM32F7xx_HAL_Driver/Src/stm32f7xx_hal_tim.o
 .text.TIM_TI3_SetConfig
                0x0800a368       0x78 ./Drivers/STM32F7xx_HAL_Driver/Src/stm32f7xx_hal_tim.o
 .text.TIM_TI4_SetConfig
                0x0800a3e0       0x7a ./Drivers/STM32F7xx_HAL_Driver/Src/stm32f7xx_hal_tim.o
 .text.TIM_ITRx_SetConfig
                0x0800a45a       0x36 ./Drivers/STM32F7xx_HAL_Driver/Src/stm32f7xx_hal_tim.o
 .text.TIM_ETR_SetConfig
                0x0800a490       0x40 ./Drivers/STM32F7xx_HAL_Driver/Src/stm32f7xx_hal_tim.o
                0x0800a490                TIM_ETR_SetConfig
 .text.TIM_CCxChannelCmd
                0x0800a4d0       0x4a ./Drivers/STM32F7xx_HAL_Driver/Src/stm32f7xx_hal_tim.o
                0x0800a4d0                TIM_CCxChannelCmd
 *fill*         0x0800a51a        0x2 
 .text.HAL_TIMEx_MasterConfigSynchronization
                0x0800a51c      0x11c ./Drivers/STM32F7xx_HAL_Driver/Src/stm32f7xx_hal_tim_ex.o
                0x0800a51c                HAL_TIMEx_MasterConfigSynchronization
 .text.HAL_TIMEx_ConfigBreakDeadTime
                0x0800a638       0xfc ./Drivers/STM32F7xx_HAL_Driver/Src/stm32f7xx_hal_tim_ex.o
                0x0800a638                HAL_TIMEx_ConfigBreakDeadTime
 .text.HAL_TIMEx_CommutCallback
                0x0800a734       0x14 ./Drivers/STM32F7xx_HAL_Driver/Src/stm32f7xx_hal_tim_ex.o
                0x0800a734                HAL_TIMEx_CommutCallback
 .text.HAL_TIMEx_BreakCallback
                0x0800a748       0x14 ./Drivers/STM32F7xx_HAL_Driver/Src/stm32f7xx_hal_tim_ex.o
                0x0800a748                HAL_TIMEx_BreakCallback
 .text.HAL_TIMEx_Break2Callback
                0x0800a75c       0x14 ./Drivers/STM32F7xx_HAL_Driver/Src/stm32f7xx_hal_tim_ex.o
                0x0800a75c                HAL_TIMEx_Break2Callback
 .text.HAL_UART_Init
                0x0800a770       0x9c ./Drivers/STM32F7xx_HAL_Driver/Src/stm32f7xx_hal_uart.o
                0x0800a770                HAL_UART_Init
 .text.HAL_UART_Transmit
                0x0800a80c      0x112 ./Drivers/STM32F7xx_HAL_Driver/Src/stm32f7xx_hal_uart.o
                0x0800a80c                HAL_UART_Transmit
 *fill*         0x0800a91e        0x2 
 .text.HAL_UART_Transmit_DMA
                0x0800a920       0xf8 ./Drivers/STM32F7xx_HAL_Driver/Src/stm32f7xx_hal_uart.o
                0x0800a920                HAL_UART_Transmit_DMA
 .text.HAL_UART_Receive_DMA
                0x0800aa18       0x88 ./Drivers/STM32F7xx_HAL_Driver/Src/stm32f7xx_hal_uart.o
                0x0800aa18                HAL_UART_Receive_DMA
 .text.HAL_UART_IRQHandler
                0x0800aaa0      0x5d8 ./Drivers/STM32F7xx_HAL_Driver/Src/stm32f7xx_hal_uart.o
                0x0800aaa0                HAL_UART_IRQHandler
 .text.HAL_UART_TxHalfCpltCallback
                0x0800b078       0x14 ./Drivers/STM32F7xx_HAL_Driver/Src/stm32f7xx_hal_uart.o
                0x0800b078                HAL_UART_TxHalfCpltCallback
 .text.HAL_UART_RxCpltCallback
                0x0800b08c       0x14 ./Drivers/STM32F7xx_HAL_Driver/Src/stm32f7xx_hal_uart.o
                0x0800b08c                HAL_UART_RxCpltCallback
 .text.HAL_UART_RxHalfCpltCallback
                0x0800b0a0       0x14 ./Drivers/STM32F7xx_HAL_Driver/Src/stm32f7xx_hal_uart.o
                0x0800b0a0                HAL_UART_RxHalfCpltCallback
 .text.HAL_UART_ErrorCallback
                0x0800b0b4       0x14 ./Drivers/STM32F7xx_HAL_Driver/Src/stm32f7xx_hal_uart.o
                0x0800b0b4                HAL_UART_ErrorCallback
 .text.HAL_UARTEx_RxEventCallback
                0x0800b0c8       0x18 ./Drivers/STM32F7xx_HAL_Driver/Src/stm32f7xx_hal_uart.o
                0x0800b0c8                HAL_UARTEx_RxEventCallback
 .text.UART_SetConfig
                0x0800b0e0      0x4c8 ./Drivers/STM32F7xx_HAL_Driver/Src/stm32f7xx_hal_uart.o
                0x0800b0e0                UART_SetConfig
 .text.UART_AdvFeatureConfig
                0x0800b5a8      0x144 ./Drivers/STM32F7xx_HAL_Driver/Src/stm32f7xx_hal_uart.o
                0x0800b5a8                UART_AdvFeatureConfig
 .text.UART_CheckIdleState
                0x0800b6ec       0xae ./Drivers/STM32F7xx_HAL_Driver/Src/stm32f7xx_hal_uart.o
                0x0800b6ec                UART_CheckIdleState
 .text.UART_WaitOnFlagUntilTimeout
                0x0800b79a       0xda ./Drivers/STM32F7xx_HAL_Driver/Src/stm32f7xx_hal_uart.o
                0x0800b79a                UART_WaitOnFlagUntilTimeout
 .text.UART_Start_Receive_DMA
                0x0800b874      0x140 ./Drivers/STM32F7xx_HAL_Driver/Src/stm32f7xx_hal_uart.o
                0x0800b874                UART_Start_Receive_DMA
 .text.UART_EndTxTransfer
                0x0800b9b4       0x4c ./Drivers/STM32F7xx_HAL_Driver/Src/stm32f7xx_hal_uart.o
 .text.UART_EndRxTransfer
                0x0800ba00       0xc8 ./Drivers/STM32F7xx_HAL_Driver/Src/stm32f7xx_hal_uart.o
 .text.UART_DMATransmitCplt
                0x0800bac8       0x96 ./Drivers/STM32F7xx_HAL_Driver/Src/stm32f7xx_hal_uart.o
 .text.UART_DMATxHalfCplt
                0x0800bb5e       0x1c ./Drivers/STM32F7xx_HAL_Driver/Src/stm32f7xx_hal_uart.o
 .text.UART_DMAReceiveCplt
                0x0800bb7a      0x15e ./Drivers/STM32F7xx_HAL_Driver/Src/stm32f7xx_hal_uart.o
 .text.UART_DMARxHalfCplt
                0x0800bcd8       0x72 ./Drivers/STM32F7xx_HAL_Driver/Src/stm32f7xx_hal_uart.o
 .text.UART_DMAError
                0x0800bd4a       0x7e ./Drivers/STM32F7xx_HAL_Driver/Src/stm32f7xx_hal_uart.o
 .text.UART_DMAAbortOnError
                0x0800bdc8       0x24 ./Drivers/STM32F7xx_HAL_Driver/Src/stm32f7xx_hal_uart.o
 .text.UART_EndTransmit_IT
                0x0800bdec       0x54 ./Drivers/STM32F7xx_HAL_Driver/Src/stm32f7xx_hal_uart.o
 .text.bmp5_init
                0x0800be40       0x94 ./Middlewares/Third_Party/BMP5/bmp5.o
                0x0800be40                bmp5_init
 .text.bmp5_get_regs
                0x0800bed4       0x70 ./Middlewares/Third_Party/BMP5/bmp5.o
                0x0800bed4                bmp5_get_regs
 .text.bmp5_set_regs
                0x0800bf44       0xb8 ./Middlewares/Third_Party/BMP5/bmp5.o
                0x0800bf44                bmp5_set_regs
 .text.bmp5_get_interrupt_status
                0x0800bffc       0x32 ./Middlewares/Third_Party/BMP5/bmp5.o
                0x0800bffc                bmp5_get_interrupt_status
 *fill*         0x0800c02e        0x2 
 .text.bmp5_get_power_mode
                0x0800c030       0xa0 ./Middlewares/Third_Party/BMP5/bmp5.o
                0x0800c030                bmp5_get_power_mode
 .text.bmp5_set_power_mode
                0x0800c0d0       0xa0 ./Middlewares/Third_Party/BMP5/bmp5.o
                0x0800c0d0                bmp5_set_power_mode
 .text.bmp5_get_sensor_data
                0x0800c170       0xc4 ./Middlewares/Third_Party/BMP5/bmp5.o
                0x0800c170                bmp5_get_sensor_data
 .text.bmp5_get_osr_odr_press_config
                0x0800c234       0x78 ./Middlewares/Third_Party/BMP5/bmp5.o
                0x0800c234                bmp5_get_osr_odr_press_config
 .text.bmp5_set_osr_odr_press_config
                0x0800c2ac       0xf4 ./Middlewares/Third_Party/BMP5/bmp5.o
                0x0800c2ac                bmp5_set_osr_odr_press_config
 .text.bmp5_get_iir_config
                0x0800c3a0       0x80 ./Middlewares/Third_Party/BMP5/bmp5.o
                0x0800c3a0                bmp5_get_iir_config
 .text.bmp5_set_iir_config
                0x0800c420       0xa8 ./Middlewares/Third_Party/BMP5/bmp5.o
                0x0800c420                bmp5_set_iir_config
 .text.null_ptr_check
                0x0800c4c8       0x40 ./Middlewares/Third_Party/BMP5/bmp5.o
 .text.validate_chip_id
                0x0800c508       0x38 ./Middlewares/Third_Party/BMP5/bmp5.o
 .text.power_up_check
                0x0800c540       0x72 ./Middlewares/Third_Party/BMP5/bmp5.o
 .text.check_deepstandby_mode
                0x0800c5b2       0x8e ./Middlewares/Third_Party/BMP5/bmp5.o
 .text.set_deep_standby_mode
                0x0800c640       0xda ./Middlewares/Third_Party/BMP5/bmp5.o
 .text.set_power_mode
                0x0800c71a       0x6a ./Middlewares/Third_Party/BMP5/bmp5.o
 .text.set_standby_mode
                0x0800c784       0x3e ./Middlewares/Third_Party/BMP5/bmp5.o
 .text.set_iir_config
                0x0800c7c2       0xd0 ./Middlewares/Third_Party/BMP5/bmp5.o
 .text.get_nvm_status
                0x0800c892       0x32 ./Middlewares/Third_Party/BMP5/bmp5.o
 .text.SVC_Setup
                0x0800c8c4        0xe ./Middlewares/Third_Party/FreeRTOS/Source/CMSIS_RTOS_V2/cmsis_os2.o
 *fill*         0x0800c8d2        0x2 
 .text.osKernelInitialize
                0x0800c8d4       0x68 ./Middlewares/Third_Party/FreeRTOS/Source/CMSIS_RTOS_V2/cmsis_os2.o
                0x0800c8d4                osKernelInitialize
 .text.osKernelStart
                0x0800c93c       0x6c ./Middlewares/Third_Party/FreeRTOS/Source/CMSIS_RTOS_V2/cmsis_os2.o
                0x0800c93c                osKernelStart
 .text.osKernelGetTickCount
                0x0800c9a8       0x50 ./Middlewares/Third_Party/FreeRTOS/Source/CMSIS_RTOS_V2/cmsis_os2.o
                0x0800c9a8                osKernelGetTickCount
 .text.osThreadNew
                0x0800c9f8      0x14c ./Middlewares/Third_Party/FreeRTOS/Source/CMSIS_RTOS_V2/cmsis_os2.o
                0x0800c9f8                osThreadNew
 .text.osDelay  0x0800cb44       0x5c ./Middlewares/Third_Party/FreeRTOS/Source/CMSIS_RTOS_V2/cmsis_os2.o
                0x0800cb44                osDelay
 .text.osDelayUntil
                0x0800cba0       0x80 ./Middlewares/Third_Party/FreeRTOS/Source/CMSIS_RTOS_V2/cmsis_os2.o
                0x0800cba0                osDelayUntil
 .text.osMutexNew
                0x0800cc20      0x134 ./Middlewares/Third_Party/FreeRTOS/Source/CMSIS_RTOS_V2/cmsis_os2.o
                0x0800cc20                osMutexNew
 .text.osSemaphoreNew
                0x0800cd54      0x138 ./Middlewares/Third_Party/FreeRTOS/Source/CMSIS_RTOS_V2/cmsis_os2.o
                0x0800cd54                osSemaphoreNew
 .text.osSemaphoreAcquire
                0x0800ce8c       0xcc ./Middlewares/Third_Party/FreeRTOS/Source/CMSIS_RTOS_V2/cmsis_os2.o
                0x0800ce8c                osSemaphoreAcquire
 .text.osSemaphoreRelease
                0x0800cf58       0xb0 ./Middlewares/Third_Party/FreeRTOS/Source/CMSIS_RTOS_V2/cmsis_os2.o
                0x0800cf58                osSemaphoreRelease
 .text.vApplicationGetIdleTaskMemory
                0x0800d008       0x34 ./Middlewares/Third_Party/FreeRTOS/Source/CMSIS_RTOS_V2/cmsis_os2.o
                0x0800d008                vApplicationGetIdleTaskMemory
 .text.vApplicationGetTimerTaskMemory
                0x0800d03c       0x34 ./Middlewares/Third_Party/FreeRTOS/Source/CMSIS_RTOS_V2/cmsis_os2.o
                0x0800d03c                vApplicationGetTimerTaskMemory
 .text.vListInitialise
                0x0800d070       0x40 ./Middlewares/Third_Party/FreeRTOS/Source/list.o
                0x0800d070                vListInitialise
 .text.vListInitialiseItem
                0x0800d0b0       0x1a ./Middlewares/Third_Party/FreeRTOS/Source/list.o
                0x0800d0b0                vListInitialiseItem
 .text.vListInsertEnd
                0x0800d0ca       0x48 ./Middlewares/Third_Party/FreeRTOS/Source/list.o
                0x0800d0ca                vListInsertEnd
 .text.vListInsert
                0x0800d112       0x72 ./Middlewares/Third_Party/FreeRTOS/Source/list.o
                0x0800d112                vListInsert
 .text.uxListRemove
                0x0800d184       0x54 ./Middlewares/Third_Party/FreeRTOS/Source/list.o
                0x0800d184                uxListRemove
 .text.xQueueGenericReset
                0x0800d1d8       0xd8 ./Middlewares/Third_Party/FreeRTOS/Source/queue.o
                0x0800d1d8                xQueueGenericReset
 .text.xQueueGenericCreateStatic
                0x0800d2b0      0x10e ./Middlewares/Third_Party/FreeRTOS/Source/queue.o
                0x0800d2b0                xQueueGenericCreateStatic
 .text.xQueueGenericCreate
                0x0800d3be       0x86 ./Middlewares/Third_Party/FreeRTOS/Source/queue.o
                0x0800d3be                xQueueGenericCreate
 .text.prvInitialiseNewQueue
                0x0800d444       0x46 ./Middlewares/Third_Party/FreeRTOS/Source/queue.o
 .text.prvInitialiseMutex
                0x0800d48a       0x34 ./Middlewares/Third_Party/FreeRTOS/Source/queue.o
 .text.xQueueCreateMutex
                0x0800d4be       0x30 ./Middlewares/Third_Party/FreeRTOS/Source/queue.o
                0x0800d4be                xQueueCreateMutex
 .text.xQueueCreateMutexStatic
                0x0800d4ee       0x36 ./Middlewares/Third_Party/FreeRTOS/Source/queue.o
                0x0800d4ee                xQueueCreateMutexStatic
 .text.xQueueCreateCountingSemaphoreStatic
                0x0800d524       0x7a ./Middlewares/Third_Party/FreeRTOS/Source/queue.o
                0x0800d524                xQueueCreateCountingSemaphoreStatic
 .text.xQueueCreateCountingSemaphore
                0x0800d59e       0x72 ./Middlewares/Third_Party/FreeRTOS/Source/queue.o
                0x0800d59e                xQueueCreateCountingSemaphore
 .text.xQueueGenericSend
                0x0800d610      0x214 ./Middlewares/Third_Party/FreeRTOS/Source/queue.o
                0x0800d610                xQueueGenericSend
 .text.xQueueGenericSendFromISR
                0x0800d824      0x146 ./Middlewares/Third_Party/FreeRTOS/Source/queue.o
                0x0800d824                xQueueGenericSendFromISR
 .text.xQueueGiveFromISR
                0x0800d96a      0x130 ./Middlewares/Third_Party/FreeRTOS/Source/queue.o
                0x0800d96a                xQueueGiveFromISR
 *fill*         0x0800da9a        0x2 
 .text.xQueueReceive
                0x0800da9c      0x1d0 ./Middlewares/Third_Party/FreeRTOS/Source/queue.o
                0x0800da9c                xQueueReceive
 .text.xQueueSemaphoreTake
                0x0800dc6c      0x230 ./Middlewares/Third_Party/FreeRTOS/Source/queue.o
                0x0800dc6c                xQueueSemaphoreTake
 .text.xQueueReceiveFromISR
                0x0800de9c      0x110 ./Middlewares/Third_Party/FreeRTOS/Source/queue.o
                0x0800de9c                xQueueReceiveFromISR
 .text.vQueueDelete
                0x0800dfac       0x4c ./Middlewares/Third_Party/FreeRTOS/Source/queue.o
                0x0800dfac                vQueueDelete
 .text.prvGetDisinheritPriorityAfterTimeout
                0x0800dff8       0x30 ./Middlewares/Third_Party/FreeRTOS/Source/queue.o
 .text.prvCopyDataToQueue
                0x0800e028       0xd4 ./Middlewares/Third_Party/FreeRTOS/Source/queue.o
 .text.prvCopyDataFromQueue
                0x0800e0fc       0x4c ./Middlewares/Third_Party/FreeRTOS/Source/queue.o
 .text.prvUnlockQueue
                0x0800e148       0xa4 ./Middlewares/Third_Party/FreeRTOS/Source/queue.o
 .text.prvIsQueueEmpty
                0x0800e1ec       0x2c ./Middlewares/Third_Party/FreeRTOS/Source/queue.o
 .text.prvIsQueueFull
                0x0800e218       0x30 ./Middlewares/Third_Party/FreeRTOS/Source/queue.o
 .text.vQueueAddToRegistry
                0x0800e248       0x54 ./Middlewares/Third_Party/FreeRTOS/Source/queue.o
                0x0800e248                vQueueAddToRegistry
 .text.vQueueUnregisterQueue
                0x0800e29c       0x54 ./Middlewares/Third_Party/FreeRTOS/Source/queue.o
                0x0800e29c                vQueueUnregisterQueue
 .text.vQueueWaitForMessageRestricted
                0x0800e2f0       0x68 ./Middlewares/Third_Party/FreeRTOS/Source/queue.o
                0x0800e2f0                vQueueWaitForMessageRestricted
 .text.xTaskCreateStatic
                0x0800e358       0xcc ./Middlewares/Third_Party/FreeRTOS/Source/tasks.o
                0x0800e358                xTaskCreateStatic
 .text.xTaskCreate
                0x0800e424       0x8a ./Middlewares/Third_Party/FreeRTOS/Source/tasks.o
                0x0800e424                xTaskCreate
 *fill*         0x0800e4ae        0x2 
 .text.prvInitialiseNewTask
                0x0800e4b0      0x158 ./Middlewares/Third_Party/FreeRTOS/Source/tasks.o
 .text.prvAddNewTaskToReadyList
                0x0800e608       0xe0 ./Middlewares/Third_Party/FreeRTOS/Source/tasks.o
 .text.vTaskDelayUntil
                0x0800e6e8      0x10c ./Middlewares/Third_Party/FreeRTOS/Source/tasks.o
                0x0800e6e8                vTaskDelayUntil
 .text.vTaskDelay
                0x0800e7f4       0x70 ./Middlewares/Third_Party/FreeRTOS/Source/tasks.o
                0x0800e7f4                vTaskDelay
 .text.eTaskGetState
                0x0800e864       0xd4 ./Middlewares/Third_Party/FreeRTOS/Source/tasks.o
                0x0800e864                eTaskGetState
 .text.vTaskStartScheduler
                0x0800e938       0xec ./Middlewares/Third_Party/FreeRTOS/Source/tasks.o
                0x0800e938                vTaskStartScheduler
 .text.vTaskSuspendAll
                0x0800ea24       0x1c ./Middlewares/Third_Party/FreeRTOS/Source/tasks.o
                0x0800ea24                vTaskSuspendAll
 .text.xTaskResumeAll
                0x0800ea40      0x140 ./Middlewares/Third_Party/FreeRTOS/Source/tasks.o
                0x0800ea40                xTaskResumeAll
 .text.xTaskGetTickCount
                0x0800eb80       0x20 ./Middlewares/Third_Party/FreeRTOS/Source/tasks.o
                0x0800eb80                xTaskGetTickCount
 .text.xTaskGetTickCountFromISR
                0x0800eba0       0x24 ./Middlewares/Third_Party/FreeRTOS/Source/tasks.o
                0x0800eba0                xTaskGetTickCountFromISR
 .text.uxTaskGetSystemState
                0x0800ebc4      0x120 ./Middlewares/Third_Party/FreeRTOS/Source/tasks.o
                0x0800ebc4                uxTaskGetSystemState
 .text.xTaskIncrementTick
                0x0800ece4      0x178 ./Middlewares/Third_Party/FreeRTOS/Source/tasks.o
                0x0800ece4                xTaskIncrementTick
 .text.vTaskSwitchContext
                0x0800ee5c      0x104 ./Middlewares/Third_Party/FreeRTOS/Source/tasks.o
                0x0800ee5c                vTaskSwitchContext
 .text.vTaskPlaceOnEventList
                0x0800ef60       0x50 ./Middlewares/Third_Party/FreeRTOS/Source/tasks.o
                0x0800ef60                vTaskPlaceOnEventList
 .text.vTaskPlaceOnEventListRestricted
                0x0800efb0       0x5c ./Middlewares/Third_Party/FreeRTOS/Source/tasks.o
                0x0800efb0                vTaskPlaceOnEventListRestricted
 .text.xTaskRemoveFromEventList
                0x0800f00c       0xcc ./Middlewares/Third_Party/FreeRTOS/Source/tasks.o
                0x0800f00c                xTaskRemoveFromEventList
 .text.vTaskInternalSetTimeOutState
                0x0800f0d8       0x2c ./Middlewares/Third_Party/FreeRTOS/Source/tasks.o
                0x0800f0d8                vTaskInternalSetTimeOutState
 .text.xTaskCheckForTimeOut
                0x0800f104       0xd0 ./Middlewares/Third_Party/FreeRTOS/Source/tasks.o
                0x0800f104                xTaskCheckForTimeOut
 .text.vTaskMissedYield
                0x0800f1d4       0x18 ./Middlewares/Third_Party/FreeRTOS/Source/tasks.o
                0x0800f1d4                vTaskMissedYield
 .text.prvIdleTask
                0x0800f1ec       0x30 ./Middlewares/Third_Party/FreeRTOS/Source/tasks.o
 .text.prvInitialiseTaskLists
                0x0800f21c       0x80 ./Middlewares/Third_Party/FreeRTOS/Source/tasks.o
 .text.prvCheckTasksWaitingTermination
                0x0800f29c       0x5c ./Middlewares/Third_Party/FreeRTOS/Source/tasks.o
 .text.vTaskGetInfo
                0x0800f2f8       0xcc ./Middlewares/Third_Party/FreeRTOS/Source/tasks.o
                0x0800f2f8                vTaskGetInfo
 .text.prvListTasksWithinSingleList
                0x0800f3c4       0xa4 ./Middlewares/Third_Party/FreeRTOS/Source/tasks.o
 .text.prvTaskCheckFreeStackSpace
                0x0800f468       0x38 ./Middlewares/Third_Party/FreeRTOS/Source/tasks.o
 .text.prvDeleteTCB
                0x0800f4a0       0x6e ./Middlewares/Third_Party/FreeRTOS/Source/tasks.o
 *fill*         0x0800f50e        0x2 
 .text.prvResetNextTaskUnblockTime
                0x0800f510       0x40 ./Middlewares/Third_Party/FreeRTOS/Source/tasks.o
 .text.xTaskGetSchedulerState
                0x0800f550       0x3c ./Middlewares/Third_Party/FreeRTOS/Source/tasks.o
                0x0800f550                xTaskGetSchedulerState
 .text.xTaskPriorityInherit
                0x0800f58c       0xd0 ./Middlewares/Third_Party/FreeRTOS/Source/tasks.o
                0x0800f58c                xTaskPriorityInherit
 .text.xTaskPriorityDisinherit
                0x0800f65c       0xe8 ./Middlewares/Third_Party/FreeRTOS/Source/tasks.o
                0x0800f65c                xTaskPriorityDisinherit
 .text.vTaskPriorityDisinheritAfterTimeout
                0x0800f744      0x110 ./Middlewares/Third_Party/FreeRTOS/Source/tasks.o
                0x0800f744                vTaskPriorityDisinheritAfterTimeout
 .text.pvTaskIncrementMutexHeldCount
                0x0800f854       0x28 ./Middlewares/Third_Party/FreeRTOS/Source/tasks.o
                0x0800f854                pvTaskIncrementMutexHeldCount
 .text.prvAddCurrentTaskToDelayedList
                0x0800f87c       0xa8 ./Middlewares/Third_Party/FreeRTOS/Source/tasks.o
 .text.xTimerCreateTimerTask
                0x0800f924       0x98 ./Middlewares/Third_Party/FreeRTOS/Source/timers.o
                0x0800f924                xTimerCreateTimerTask
 .text.xTimerGenericCommand
                0x0800f9bc       0xa0 ./Middlewares/Third_Party/FreeRTOS/Source/timers.o
                0x0800f9bc                xTimerGenericCommand
 .text.prvProcessExpiredTimer
                0x0800fa5c       0xa0 ./Middlewares/Third_Party/FreeRTOS/Source/timers.o
 .text.prvTimerTask
                0x0800fafc       0x26 ./Middlewares/Third_Party/FreeRTOS/Source/timers.o
 *fill*         0x0800fb22        0x2 
 .text.prvProcessTimerOrBlockTask
                0x0800fb24       0x9c ./Middlewares/Third_Party/FreeRTOS/Source/timers.o
 .text.prvGetNextExpireTime
                0x0800fbc0       0x48 ./Middlewares/Third_Party/FreeRTOS/Source/timers.o
 .text.prvSampleTimeNow
                0x0800fc08       0x40 ./Middlewares/Third_Party/FreeRTOS/Source/timers.o
 .text.prvInsertTimerInActiveList
                0x0800fc48       0x84 ./Middlewares/Third_Party/FreeRTOS/Source/timers.o
 .text.prvProcessReceivedCommands
                0x0800fccc      0x1d8 ./Middlewares/Third_Party/FreeRTOS/Source/timers.o
 .text.prvSwitchTimerLists
                0x0800fea4       0xd0 ./Middlewares/Third_Party/FreeRTOS/Source/timers.o
 .text.prvCheckForValidListAndQueue
                0x0800ff74       0x80 ./Middlewares/Third_Party/FreeRTOS/Source/timers.o
 .text.pxPortInitialiseStack
                0x0800fff4       0x68 ./Middlewares/Third_Party/FreeRTOS/Source/portable/GCC/ARM_CM7/r0p1/port.o
                0x0800fff4                pxPortInitialiseStack
 .text.prvTaskExitError
                0x0801005c       0x64 ./Middlewares/Third_Party/FreeRTOS/Source/portable/GCC/ARM_CM7/r0p1/port.o
 .text.SVC_Handler
                0x080100c0       0x28 ./Middlewares/Third_Party/FreeRTOS/Source/portable/GCC/ARM_CM7/r0p1/port.o
                0x080100c0                SVC_Handler
 .text.prvPortStartFirstTask
                0x080100e8       0x28 ./Middlewares/Third_Party/FreeRTOS/Source/portable/GCC/ARM_CM7/r0p1/port.o
 .text.xPortStartScheduler
                0x08010110       0xfc ./Middlewares/Third_Party/FreeRTOS/Source/portable/GCC/ARM_CM7/r0p1/port.o
                0x08010110                xPortStartScheduler
 .text.vPortEnterCritical
                0x0801020c       0x6c ./Middlewares/Third_Party/FreeRTOS/Source/portable/GCC/ARM_CM7/r0p1/port.o
                0x0801020c                vPortEnterCritical
 .text.vPortExitCritical
                0x08010278       0x58 ./Middlewares/Third_Party/FreeRTOS/Source/portable/GCC/ARM_CM7/r0p1/port.o
                0x08010278                vPortExitCritical
 .text.PendSV_Handler
                0x080102d0       0x68 ./Middlewares/Third_Party/FreeRTOS/Source/portable/GCC/ARM_CM7/r0p1/port.o
                0x080102d0                PendSV_Handler
 .text.SysTick_Handler
                0x08010338       0x48 ./Middlewares/Third_Party/FreeRTOS/Source/portable/GCC/ARM_CM7/r0p1/port.o
                0x08010338                SysTick_Handler
 .text.vPortSetupTimerInterrupt
                0x08010380       0x48 ./Middlewares/Third_Party/FreeRTOS/Source/portable/GCC/ARM_CM7/r0p1/port.o
                0x08010380                vPortSetupTimerInterrupt
 .text.vPortEnableVFP
                0x080103c8       0x14 ./Middlewares/Third_Party/FreeRTOS/Source/portable/GCC/ARM_CM7/r0p1/port.o
 .text.vPortValidateInterruptPriority
                0x080103dc       0x8c ./Middlewares/Third_Party/FreeRTOS/Source/portable/GCC/ARM_CM7/r0p1/port.o
                0x080103dc                vPortValidateInterruptPriority
 .text.pvPortMalloc
                0x08010468      0x19c ./Middlewares/Third_Party/FreeRTOS/Source/portable/MemMang/heap_4.o
                0x08010468                pvPortMalloc
 .text.vPortFree
                0x08010604       0xc0 ./Middlewares/Third_Party/FreeRTOS/Source/portable/MemMang/heap_4.o
                0x08010604                vPortFree
 .text.prvHeapInit
                0x080106c4       0xc4 ./Middlewares/Third_Party/FreeRTOS/Source/portable/MemMang/heap_4.o
 .text.prvInsertBlockIntoFreeList
                0x08010788       0xb4 ./Middlewares/Third_Party/FreeRTOS/Source/portable/MemMang/heap_4.o
 .text.opStart  0x0801083c       0x4a ./Middlewares/Third_Party/sh2/sh2.o
 .text.opRx     0x08010886       0x36 ./Middlewares/Third_Party/sh2/sh2.o
 .text.opCompleted
                0x080108bc       0x24 ./Middlewares/Third_Party/sh2/sh2.o
 .text.opOnReset
                0x080108e0       0x38 ./Middlewares/Third_Party/sh2/sh2.o
 .text.getReportLen
                0x08010918       0x48 ./Middlewares/Third_Party/sh2/sh2.o
 .text.sensorhubControlHdlr
                0x08010960      0x164 ./Middlewares/Third_Party/sh2/sh2.o
 .text.opProcess
                0x08010ac4       0xa8 ./Middlewares/Third_Party/sh2/sh2.o
 .text.touSTimestamp
                0x08010b6c       0x88 ./Middlewares/Third_Party/sh2/sh2.o
 .text.sensorhubInputHdlr
                0x08010bf4      0x160 ./Middlewares/Third_Party/sh2/sh2.o
 .text.sensorhubInputNormalHdlr
                0x08010d54       0x28 ./Middlewares/Third_Party/sh2/sh2.o
 .text.sensorhubInputWakeHdlr
                0x08010d7c       0x28 ./Middlewares/Third_Party/sh2/sh2.o
 .text.sensorhubInputGyroRvHdlr
                0x08010da4       0xa2 ./Middlewares/Third_Party/sh2/sh2.o
 *fill*         0x08010e46        0x2 
 .text.executableDeviceHdlr
                0x08010e48       0x78 ./Middlewares/Third_Party/sh2/sh2.o
 .text.sendCtrl
                0x08010ec0       0x26 ./Middlewares/Third_Party/sh2/sh2.o
 .text.setSensorConfigStart
                0x08010ee6       0xda ./Middlewares/Third_Party/sh2/sh2.o
 .text.shtpEventCallback
                0x08010fc0       0x44 ./Middlewares/Third_Party/sh2/sh2.o
 .text.sh2_open
                0x08011004      0x134 ./Middlewares/Third_Party/sh2/sh2.o
                0x08011004                sh2_open
 .text.sh2_service
                0x08011138       0x28 ./Middlewares/Third_Party/sh2/sh2.o
                0x08011138                sh2_service
 .text.sh2_setSensorCallback
                0x08011160       0x2c ./Middlewares/Third_Party/sh2/sh2.o
                0x08011160                sh2_setSensorCallback
 .text.sh2_setSensorConfig
                0x0801118c       0x54 ./Middlewares/Third_Party/sh2/sh2.o
                0x0801118c                sh2_setSensorConfig
 .text.sh2_decodeSensorEvent
                0x080111e0      0x318 ./Middlewares/Third_Party/sh2/sh2_SensorValue.o
                0x080111e0                sh2_decodeSensorEvent
 .text.decodeRawAccelerometer
                0x080114f8       0x5c ./Middlewares/Third_Party/sh2/sh2_SensorValue.o
 .text.decodeAccelerometer
                0x08011554       0x80 ./Middlewares/Third_Party/sh2/sh2_SensorValue.o
 .text.decodeLinearAcceleration
                0x080115d4       0x80 ./Middlewares/Third_Party/sh2/sh2_SensorValue.o
 .text.decodeGravity
                0x08011654       0x80 ./Middlewares/Third_Party/sh2/sh2_SensorValue.o
 .text.decodeRawGyroscope
                0x080116d4       0x6e ./Middlewares/Third_Party/sh2/sh2_SensorValue.o
 *fill*         0x08011742        0x2 
 .text.decodeGyroscopeCalibrated
                0x08011744       0x80 ./Middlewares/Third_Party/sh2/sh2_SensorValue.o
 .text.decodeGyroscopeUncal
                0x080117c4       0xe4 ./Middlewares/Third_Party/sh2/sh2_SensorValue.o
 .text.decodeRawMagnetometer
                0x080118a8       0x5c ./Middlewares/Third_Party/sh2/sh2_SensorValue.o
 .text.decodeMagneticFieldCalibrated
                0x08011904       0x80 ./Middlewares/Third_Party/sh2/sh2_SensorValue.o
 .text.decodeMagneticFieldUncal
                0x08011984       0xe4 ./Middlewares/Third_Party/sh2/sh2_SensorValue.o
 .text.decodeRotationVector
                0x08011a68       0xc8 ./Middlewares/Third_Party/sh2/sh2_SensorValue.o
 .text.decodeGameRotationVector
                0x08011b30       0xa0 ./Middlewares/Third_Party/sh2/sh2_SensorValue.o
 .text.decodeGeomagneticRotationVector
                0x08011bd0       0xc8 ./Middlewares/Third_Party/sh2/sh2_SensorValue.o
 .text.decodePressure
                0x08011c98       0x38 ./Middlewares/Third_Party/sh2/sh2_SensorValue.o
 .text.decodeAmbientLight
                0x08011cd0       0x38 ./Middlewares/Third_Party/sh2/sh2_SensorValue.o
 .text.decodeHumidity
                0x08011d08       0x3c ./Middlewares/Third_Party/sh2/sh2_SensorValue.o
 .text.decodeProximity
                0x08011d44       0x3c ./Middlewares/Third_Party/sh2/sh2_SensorValue.o
 .text.decodeTemperature
                0x08011d80       0x3c ./Middlewares/Third_Party/sh2/sh2_SensorValue.o
 .text.decodeReserved
                0x08011dbc       0x3c ./Middlewares/Third_Party/sh2/sh2_SensorValue.o
 .text.decodeTapDetector
                0x08011df8       0x20 ./Middlewares/Third_Party/sh2/sh2_SensorValue.o
 .text.decodeStepDetector
                0x08011e18       0x24 ./Middlewares/Third_Party/sh2/sh2_SensorValue.o
 .text.decodeStepCounter
                0x08011e3c       0x36 ./Middlewares/Third_Party/sh2/sh2_SensorValue.o
 .text.decodeSignificantMotion
                0x08011e72       0x26 ./Middlewares/Third_Party/sh2/sh2_SensorValue.o
 .text.decodeStabilityClassifier
                0x08011e98       0x20 ./Middlewares/Third_Party/sh2/sh2_SensorValue.o
 .text.decodeShakeDetector
                0x08011eb8       0x26 ./Middlewares/Third_Party/sh2/sh2_SensorValue.o
 .text.decodeFlipDetector
                0x08011ede       0x26 ./Middlewares/Third_Party/sh2/sh2_SensorValue.o
 .text.decodePickupDetector
                0x08011f04       0x26 ./Middlewares/Third_Party/sh2/sh2_SensorValue.o
 .text.decodeStabilityDetector
                0x08011f2a       0x26 ./Middlewares/Third_Party/sh2/sh2_SensorValue.o
 .text.decodePersonalActivityClassifier
                0x08011f50       0x66 ./Middlewares/Third_Party/sh2/sh2_SensorValue.o
 .text.decodeSleepDetector
                0x08011fb6       0x20 ./Middlewares/Third_Party/sh2/sh2_SensorValue.o
 .text.decodeTiltDetector
                0x08011fd6       0x26 ./Middlewares/Third_Party/sh2/sh2_SensorValue.o
 .text.decodePocketDetector
                0x08011ffc       0x26 ./Middlewares/Third_Party/sh2/sh2_SensorValue.o
 .text.decodeCircleDetector
                0x08012022       0x26 ./Middlewares/Third_Party/sh2/sh2_SensorValue.o
 .text.decodeHeartRateMonitor
                0x08012048       0x26 ./Middlewares/Third_Party/sh2/sh2_SensorValue.o
 *fill*         0x0801206e        0x2 
 .text.decodeArvrStabilizedRV
                0x08012070       0xc8 ./Middlewares/Third_Party/sh2/sh2_SensorValue.o
 .text.decodeArvrStabilizedGRV
                0x08012138       0xa0 ./Middlewares/Third_Party/sh2/sh2_SensorValue.o
 .text.decodeGyroIntegratedRV
                0x080121d8      0x10c ./Middlewares/Third_Party/sh2/sh2_SensorValue.o
 .text.decodeIZroRequest
                0x080122e4       0x28 ./Middlewares/Third_Party/sh2/sh2_SensorValue.o
 .text.decodeRawOptFlow
                0x0801230c       0xfa ./Middlewares/Third_Party/sh2/sh2_SensorValue.o
 *fill*         0x08012406        0x2 
 .text.decodeDeadReckoningPose
                0x08012408      0x1d4 ./Middlewares/Third_Party/sh2/sh2_SensorValue.o
 .text.decodeWheelEncoder
                0x080125dc       0x5c ./Middlewares/Third_Party/sh2/sh2_SensorValue.o
 .text.readu16  0x08012638       0x2e ./Middlewares/Third_Party/sh2/sh2_util.o
                0x08012638                readu16
 .text.readu32  0x08012666       0x3c ./Middlewares/Third_Party/sh2/sh2_util.o
                0x08012666                readu32
 .text.read8    0x080126a2       0x1e ./Middlewares/Third_Party/sh2/sh2_util.o
                0x080126a2                read8
 .text.read16   0x080126c0       0x2e ./Middlewares/Third_Party/sh2/sh2_util.o
                0x080126c0                read16
 .text.read32   0x080126ee       0x3c ./Middlewares/Third_Party/sh2/sh2_util.o
                0x080126ee                read32
 *fill*         0x0801272a        0x2 
 .text.shtp_init
                0x0801272c       0x44 ./Middlewares/Third_Party/sh2/shtp.o
 .text.getInstance
                0x08012770       0x50 ./Middlewares/Third_Party/sh2/shtp.o
 .text.min_u16  0x080127c0       0x2a ./Middlewares/Third_Party/sh2/shtp.o
 .text.txProcess
                0x080127ea      0x12a ./Middlewares/Third_Party/sh2/shtp.o
 .text.rxAssemble
                0x08012914      0x2bc ./Middlewares/Third_Party/sh2/shtp.o
 .text.shtp_open
                0x08012bd0       0x68 ./Middlewares/Third_Party/sh2/shtp.o
                0x08012bd0                shtp_open
 .text.shtp_setEventCallback
                0x08012c38       0x28 ./Middlewares/Third_Party/sh2/shtp.o
                0x08012c38                shtp_setEventCallback
 .text.shtp_listenChan
                0x08012c60       0x60 ./Middlewares/Third_Party/sh2/shtp.o
                0x08012c60                shtp_listenChan
 .text.shtp_send
                0x08012cc0       0x62 ./Middlewares/Third_Party/sh2/shtp.o
                0x08012cc0                shtp_send
 .text.shtp_service
                0x08012d22       0x4c ./Middlewares/Third_Party/sh2/shtp.o
                0x08012d22                shtp_service
 .text.atoi     0x08012d6e        0x8 C:/ST/STM32CubeIDE_1.19.0/STM32CubeIDE/plugins/com.st.stm32cube.ide.mcu.externaltools.gnu-tools-for-stm32.13.3.rel1.win32_1.0.0.202411081344/tools/bin/../lib/gcc/arm-none-eabi/13.3.1/../../../../arm-none-eabi/lib/thumb/v7e-m+fp/hard\libc_nano.a(libc_a-atoi.o)
                0x08012d6e                atoi
 *fill*         0x08012d76        0x2 
 .text._strtol_l.isra.0
                0x08012d78       0xf4 C:/ST/STM32CubeIDE_1.19.0/STM32CubeIDE/plugins/com.st.stm32cube.ide.mcu.externaltools.gnu-tools-for-stm32.13.3.rel1.win32_1.0.0.202411081344/tools/bin/../lib/gcc/arm-none-eabi/13.3.1/../../../../arm-none-eabi/lib/thumb/v7e-m+fp/hard\libc_nano.a(libc_a-strtol.o)
 .text.strtol   0x08012e6c       0x14 C:/ST/STM32CubeIDE_1.19.0/STM32CubeIDE/plugins/com.st.stm32cube.ide.mcu.externaltools.gnu-tools-for-stm32.13.3.rel1.win32_1.0.0.202411081344/tools/bin/../lib/gcc/arm-none-eabi/13.3.1/../../../../arm-none-eabi/lib/thumb/v7e-m+fp/hard\libc_nano.a(libc_a-strtol.o)
                0x08012e6c                strtol
 .text.__cvt    0x08012e80       0xca C:/ST/STM32CubeIDE_1.19.0/STM32CubeIDE/plugins/com.st.stm32cube.ide.mcu.externaltools.gnu-tools-for-stm32.13.3.rel1.win32_1.0.0.202411081344/tools/bin/../lib/gcc/arm-none-eabi/13.3.1/../../../../arm-none-eabi/lib/thumb/v7e-m+fp/hard\libc_nano.a(libc_a-nano-vfprintf_float.o)
                0x08012e80                __cvt
 .text.__exponent
                0x08012f4a       0x74 C:/ST/STM32CubeIDE_1.19.0/STM32CubeIDE/plugins/com.st.stm32cube.ide.mcu.externaltools.gnu-tools-for-stm32.13.3.rel1.win32_1.0.0.202411081344/tools/bin/../lib/gcc/arm-none-eabi/13.3.1/../../../../arm-none-eabi/lib/thumb/v7e-m+fp/hard\libc_nano.a(libc_a-nano-vfprintf_float.o)
                0x08012f4a                __exponent
 *fill*         0x08012fbe        0x2 
 .text._printf_float
                0x08012fc0      0x454 C:/ST/STM32CubeIDE_1.19.0/STM32CubeIDE/plugins/com.st.stm32cube.ide.mcu.externaltools.gnu-tools-for-stm32.13.3.rel1.win32_1.0.0.202411081344/tools/bin/../lib/gcc/arm-none-eabi/13.3.1/../../../../arm-none-eabi/lib/thumb/v7e-m+fp/hard\libc_nano.a(libc_a-nano-vfprintf_float.o)
                0x08012fc0                _printf_float
 .text._printf_common
                0x08013414       0xda C:/ST/STM32CubeIDE_1.19.0/STM32CubeIDE/plugins/com.st.stm32cube.ide.mcu.externaltools.gnu-tools-for-stm32.13.3.rel1.win32_1.0.0.202411081344/tools/bin/../lib/gcc/arm-none-eabi/13.3.1/../../../../arm-none-eabi/lib/thumb/v7e-m+fp/hard\libc_nano.a(libc_a-nano-vfprintf_i.o)
                0x08013414                _printf_common
 *fill*         0x080134ee        0x2 
 .text._printf_i
                0x080134f0      0x23c C:/ST/STM32CubeIDE_1.19.0/STM32CubeIDE/plugins/com.st.stm32cube.ide.mcu.externaltools.gnu-tools-for-stm32.13.3.rel1.win32_1.0.0.202411081344/tools/bin/../lib/gcc/arm-none-eabi/13.3.1/../../../../arm-none-eabi/lib/thumb/v7e-m+fp/hard\libc_nano.a(libc_a-nano-vfprintf_i.o)
                0x080134f0                _printf_i
 .text.std      0x0801372c       0x6c C:/ST/STM32CubeIDE_1.19.0/STM32CubeIDE/plugins/com.st.stm32cube.ide.mcu.externaltools.gnu-tools-for-stm32.13.3.rel1.win32_1.0.0.202411081344/tools/bin/../lib/gcc/arm-none-eabi/13.3.1/../../../../arm-none-eabi/lib/thumb/v7e-m+fp/hard\libc_nano.a(libc_a-findfp.o)
 .text.stdio_exit_handler
                0x08013798       0x18 C:/ST/STM32CubeIDE_1.19.0/STM32CubeIDE/plugins/com.st.stm32cube.ide.mcu.externaltools.gnu-tools-for-stm32.13.3.rel1.win32_1.0.0.202411081344/tools/bin/../lib/gcc/arm-none-eabi/13.3.1/../../../../arm-none-eabi/lib/thumb/v7e-m+fp/hard\libc_nano.a(libc_a-findfp.o)
 .text.cleanup_stdio
                0x080137b0       0x40 C:/ST/STM32CubeIDE_1.19.0/STM32CubeIDE/plugins/com.st.stm32cube.ide.mcu.externaltools.gnu-tools-for-stm32.13.3.rel1.win32_1.0.0.202411081344/tools/bin/../lib/gcc/arm-none-eabi/13.3.1/../../../../arm-none-eabi/lib/thumb/v7e-m+fp/hard\libc_nano.a(libc_a-findfp.o)
 .text.global_stdio_init.part.0
                0x080137f0       0x3c C:/ST/STM32CubeIDE_1.19.0/STM32CubeIDE/plugins/com.st.stm32cube.ide.mcu.externaltools.gnu-tools-for-stm32.13.3.rel1.win32_1.0.0.202411081344/tools/bin/../lib/gcc/arm-none-eabi/13.3.1/../../../../arm-none-eabi/lib/thumb/v7e-m+fp/hard\libc_nano.a(libc_a-findfp.o)
 .text.__sfp_lock_acquire
                0x0801382c        0xc C:/ST/STM32CubeIDE_1.19.0/STM32CubeIDE/plugins/com.st.stm32cube.ide.mcu.externaltools.gnu-tools-for-stm32.13.3.rel1.win32_1.0.0.202411081344/tools/bin/../lib/gcc/arm-none-eabi/13.3.1/../../../../arm-none-eabi/lib/thumb/v7e-m+fp/hard\libc_nano.a(libc_a-findfp.o)
                0x0801382c                __sfp_lock_acquire
 .text.__sfp_lock_release
                0x08013838        0xc C:/ST/STM32CubeIDE_1.19.0/STM32CubeIDE/plugins/com.st.stm32cube.ide.mcu.externaltools.gnu-tools-for-stm32.13.3.rel1.win32_1.0.0.202411081344/tools/bin/../lib/gcc/arm-none-eabi/13.3.1/../../../../arm-none-eabi/lib/thumb/v7e-m+fp/hard\libc_nano.a(libc_a-findfp.o)
                0x08013838                __sfp_lock_release
 .text.__sinit  0x08013844       0x30 C:/ST/STM32CubeIDE_1.19.0/STM32CubeIDE/plugins/com.st.stm32cube.ide.mcu.externaltools.gnu-tools-for-stm32.13.3.rel1.win32_1.0.0.202411081344/tools/bin/../lib/gcc/arm-none-eabi/13.3.1/../../../../arm-none-eabi/lib/thumb/v7e-m+fp/hard\libc_nano.a(libc_a-findfp.o)
                0x08013844                __sinit
 .text._fwalk_sglue
                0x08013874       0x3c C:/ST/STM32CubeIDE_1.19.0/STM32CubeIDE/plugins/com.st.stm32cube.ide.mcu.externaltools.gnu-tools-for-stm32.13.3.rel1.win32_1.0.0.202411081344/tools/bin/../lib/gcc/arm-none-eabi/13.3.1/../../../../arm-none-eabi/lib/thumb/v7e-m+fp/hard\libc_nano.a(libc_a-fwalk.o)
                0x08013874                _fwalk_sglue
 .text.snprintf
                0x080138b0       0x6c C:/ST/STM32CubeIDE_1.19.0/STM32CubeIDE/plugins/com.st.stm32cube.ide.mcu.externaltools.gnu-tools-for-stm32.13.3.rel1.win32_1.0.0.202411081344/tools/bin/../lib/gcc/arm-none-eabi/13.3.1/../../../../arm-none-eabi/lib/thumb/v7e-m+fp/hard\libc_nano.a(libc_a-snprintf.o)
                0x080138b0                sniprintf
                0x080138b0                snprintf
 .text.__sread  0x0801391c       0x22 C:/ST/STM32CubeIDE_1.19.0/STM32CubeIDE/plugins/com.st.stm32cube.ide.mcu.externaltools.gnu-tools-for-stm32.13.3.rel1.win32_1.0.0.202411081344/tools/bin/../lib/gcc/arm-none-eabi/13.3.1/../../../../arm-none-eabi/lib/thumb/v7e-m+fp/hard\libc_nano.a(libc_a-stdio.o)
                0x0801391c                __sread
 .text.__swrite
                0x0801393e       0x38 C:/ST/STM32CubeIDE_1.19.0/STM32CubeIDE/plugins/com.st.stm32cube.ide.mcu.externaltools.gnu-tools-for-stm32.13.3.rel1.win32_1.0.0.202411081344/tools/bin/../lib/gcc/arm-none-eabi/13.3.1/../../../../arm-none-eabi/lib/thumb/v7e-m+fp/hard\libc_nano.a(libc_a-stdio.o)
                0x0801393e                __swrite
 .text.__sseek  0x08013976       0x24 C:/ST/STM32CubeIDE_1.19.0/STM32CubeIDE/plugins/com.st.stm32cube.ide.mcu.externaltools.gnu-tools-for-stm32.13.3.rel1.win32_1.0.0.202411081344/tools/bin/../lib/gcc/arm-none-eabi/13.3.1/../../../../arm-none-eabi/lib/thumb/v7e-m+fp/hard\libc_nano.a(libc_a-stdio.o)
                0x08013976                __sseek
 .text.__sclose
                0x0801399a        0x8 C:/ST/STM32CubeIDE_1.19.0/STM32CubeIDE/plugins/com.st.stm32cube.ide.mcu.externaltools.gnu-tools-for-stm32.13.3.rel1.win32_1.0.0.202411081344/tools/bin/../lib/gcc/arm-none-eabi/13.3.1/../../../../arm-none-eabi/lib/thumb/v7e-m+fp/hard\libc_nano.a(libc_a-stdio.o)
                0x0801399a                __sclose
 .text._vsnprintf_r
                0x080139a2       0x5c C:/ST/STM32CubeIDE_1.19.0/STM32CubeIDE/plugins/com.st.stm32cube.ide.mcu.externaltools.gnu-tools-for-stm32.13.3.rel1.win32_1.0.0.202411081344/tools/bin/../lib/gcc/arm-none-eabi/13.3.1/../../../../arm-none-eabi/lib/thumb/v7e-m+fp/hard\libc_nano.a(libc_a-vsnprintf.o)
                0x080139a2                _vsniprintf_r
                0x080139a2                _vsnprintf_r
 *fill*         0x080139fe        0x2 
 .text.vsnprintf
                0x08013a00       0x1c C:/ST/STM32CubeIDE_1.19.0/STM32CubeIDE/plugins/com.st.stm32cube.ide.mcu.externaltools.gnu-tools-for-stm32.13.3.rel1.win32_1.0.0.202411081344/tools/bin/../lib/gcc/arm-none-eabi/13.3.1/../../../../arm-none-eabi/lib/thumb/v7e-m+fp/hard\libc_nano.a(libc_a-vsnprintf.o)
                0x08013a00                vsniprintf
                0x08013a00                vsnprintf
 .text.memset   0x08013a1c       0x10 C:/ST/STM32CubeIDE_1.19.0/STM32CubeIDE/plugins/com.st.stm32cube.ide.mcu.externaltools.gnu-tools-for-stm32.13.3.rel1.win32_1.0.0.202411081344/tools/bin/../lib/gcc/arm-none-eabi/13.3.1/../../../../arm-none-eabi/lib/thumb/v7e-m+fp/hard\libc_nano.a(libc_a-memset.o)
                0x08013a1c                memset
 .text.strchr   0x08013a2c       0x1a C:/ST/STM32CubeIDE_1.19.0/STM32CubeIDE/plugins/com.st.stm32cube.ide.mcu.externaltools.gnu-tools-for-stm32.13.3.rel1.win32_1.0.0.202411081344/tools/bin/../lib/gcc/arm-none-eabi/13.3.1/../../../../arm-none-eabi/lib/thumb/v7e-m+fp/hard\libc_nano.a(libc_a-strchr.o)
                0x08013a2c                strchr
 .text.strncmp  0x08013a46       0x24 C:/ST/STM32CubeIDE_1.19.0/STM32CubeIDE/plugins/com.st.stm32cube.ide.mcu.externaltools.gnu-tools-for-stm32.13.3.rel1.win32_1.0.0.202411081344/tools/bin/../lib/gcc/arm-none-eabi/13.3.1/../../../../arm-none-eabi/lib/thumb/v7e-m+fp/hard\libc_nano.a(libc_a-strncmp.o)
                0x08013a46                strncmp
 .text.strncpy  0x08013a6a       0x26 C:/ST/STM32CubeIDE_1.19.0/STM32CubeIDE/plugins/com.st.stm32cube.ide.mcu.externaltools.gnu-tools-for-stm32.13.3.rel1.win32_1.0.0.202411081344/tools/bin/../lib/gcc/arm-none-eabi/13.3.1/../../../../arm-none-eabi/lib/thumb/v7e-m+fp/hard\libc_nano.a(libc_a-strncpy.o)
                0x08013a6a                strncpy
 .text._localeconv_r
                0x08013a90        0x8 C:/ST/STM32CubeIDE_1.19.0/STM32CubeIDE/plugins/com.st.stm32cube.ide.mcu.externaltools.gnu-tools-for-stm32.13.3.rel1.win32_1.0.0.202411081344/tools/bin/../lib/gcc/arm-none-eabi/13.3.1/../../../../arm-none-eabi/lib/thumb/v7e-m+fp/hard\libc_nano.a(libc_a-localeconv.o)
                0x08013a90                _localeconv_r
 .text._close_r
                0x08013a98       0x20 C:/ST/STM32CubeIDE_1.19.0/STM32CubeIDE/plugins/com.st.stm32cube.ide.mcu.externaltools.gnu-tools-for-stm32.13.3.rel1.win32_1.0.0.202411081344/tools/bin/../lib/gcc/arm-none-eabi/13.3.1/../../../../arm-none-eabi/lib/thumb/v7e-m+fp/hard\libc_nano.a(libc_a-closer.o)
                0x08013a98                _close_r
 .text._reclaim_reent
                0x08013ab8       0xbc C:/ST/STM32CubeIDE_1.19.0/STM32CubeIDE/plugins/com.st.stm32cube.ide.mcu.externaltools.gnu-tools-for-stm32.13.3.rel1.win32_1.0.0.202411081344/tools/bin/../lib/gcc/arm-none-eabi/13.3.1/../../../../arm-none-eabi/lib/thumb/v7e-m+fp/hard\libc_nano.a(libc_a-reent.o)
                0x08013ab8                _reclaim_reent
 .text._lseek_r
                0x08013b74       0x24 C:/ST/STM32CubeIDE_1.19.0/STM32CubeIDE/plugins/com.st.stm32cube.ide.mcu.externaltools.gnu-tools-for-stm32.13.3.rel1.win32_1.0.0.202411081344/tools/bin/../lib/gcc/arm-none-eabi/13.3.1/../../../../arm-none-eabi/lib/thumb/v7e-m+fp/hard\libc_nano.a(libc_a-lseekr.o)
                0x08013b74                _lseek_r
 .text._read_r  0x08013b98       0x24 C:/ST/STM32CubeIDE_1.19.0/STM32CubeIDE/plugins/com.st.stm32cube.ide.mcu.externaltools.gnu-tools-for-stm32.13.3.rel1.win32_1.0.0.202411081344/tools/bin/../lib/gcc/arm-none-eabi/13.3.1/../../../../arm-none-eabi/lib/thumb/v7e-m+fp/hard\libc_nano.a(libc_a-readr.o)
                0x08013b98                _read_r
 .text._write_r
                0x08013bbc       0x24 C:/ST/STM32CubeIDE_1.19.0/STM32CubeIDE/plugins/com.st.stm32cube.ide.mcu.externaltools.gnu-tools-for-stm32.13.3.rel1.win32_1.0.0.202411081344/tools/bin/../lib/gcc/arm-none-eabi/13.3.1/../../../../arm-none-eabi/lib/thumb/v7e-m+fp/hard\libc_nano.a(libc_a-writer.o)
                0x08013bbc                _write_r
 .text.__errno  0x08013be0        0xc C:/ST/STM32CubeIDE_1.19.0/STM32CubeIDE/plugins/com.st.stm32cube.ide.mcu.externaltools.gnu-tools-for-stm32.13.3.rel1.win32_1.0.0.202411081344/tools/bin/../lib/gcc/arm-none-eabi/13.3.1/../../../../arm-none-eabi/lib/thumb/v7e-m+fp/hard\libc_nano.a(libc_a-errno.o)
                0x08013be0                __errno
 .text.__libc_init_array
                0x08013bec       0x48 C:/ST/STM32CubeIDE_1.19.0/STM32CubeIDE/plugins/com.st.stm32cube.ide.mcu.externaltools.gnu-tools-for-stm32.13.3.rel1.win32_1.0.0.202411081344/tools/bin/../lib/gcc/arm-none-eabi/13.3.1/../../../../arm-none-eabi/lib/thumb/v7e-m+fp/hard\libc_nano.a(libc_a-init.o)
                0x08013bec                __libc_init_array
 .text.__retarget_lock_init_recursive
                0x08013c34        0x2 C:/ST/STM32CubeIDE_1.19.0/STM32CubeIDE/plugins/com.st.stm32cube.ide.mcu.externaltools.gnu-tools-for-stm32.13.3.rel1.win32_1.0.0.202411081344/tools/bin/../lib/gcc/arm-none-eabi/13.3.1/../../../../arm-none-eabi/lib/thumb/v7e-m+fp/hard\libc_nano.a(libc_a-lock.o)
                0x08013c34                __retarget_lock_init_recursive
 .text.__retarget_lock_acquire_recursive
                0x08013c36        0x2 C:/ST/STM32CubeIDE_1.19.0/STM32CubeIDE/plugins/com.st.stm32cube.ide.mcu.externaltools.gnu-tools-for-stm32.13.3.rel1.win32_1.0.0.202411081344/tools/bin/../lib/gcc/arm-none-eabi/13.3.1/../../../../arm-none-eabi/lib/thumb/v7e-m+fp/hard\libc_nano.a(libc_a-lock.o)
                0x08013c36                __retarget_lock_acquire_recursive
 .text.__retarget_lock_release_recursive
                0x08013c38        0x2 C:/ST/STM32CubeIDE_1.19.0/STM32CubeIDE/plugins/com.st.stm32cube.ide.mcu.externaltools.gnu-tools-for-stm32.13.3.rel1.win32_1.0.0.202411081344/tools/bin/../lib/gcc/arm-none-eabi/13.3.1/../../../../arm-none-eabi/lib/thumb/v7e-m+fp/hard\libc_nano.a(libc_a-lock.o)
                0x08013c38                __retarget_lock_release_recursive
 .text.memcpy   0x08013c3a       0x1c C:/ST/STM32CubeIDE_1.19.0/STM32CubeIDE/plugins/com.st.stm32cube.ide.mcu.externaltools.gnu-tools-for-stm32.13.3.rel1.win32_1.0.0.202411081344/tools/bin/../lib/gcc/arm-none-eabi/13.3.1/../../../../arm-none-eabi/lib/thumb/v7e-m+fp/hard\libc_nano.a(libc_a-memcpy-stub.o)
                0x08013c3a                memcpy